Processing esp32p4-fs (platform: https://github.com/pioarduino/platform-espressif32/releases/download/55.03.37/platform-espressif32.zip; board: esp32-p4; framework: arduino)
--------------------------------------------------------------------------------
Verbose mode can be enabled via `-v, --verbose` option
CONFIGURATION: https://docs.platformio.org/page/boards/espressif32/esp32-p4.html
PLATFORM: Espressif 32 (55.3.37) > Espressif ESP32-P4 ES (pre rev.300) generic
HARDWARE: ESP32P4 360MHz, 320KB RAM, 4MB Flash
DEBUG: Current (cmsis-dap) External (cmsis-dap, esp-bridge, esp-builtin, esp-prog, iot-bus-jtag, jlink, minimodule, olimex-arm-usb-ocd, olimex-arm-usb-ocd-h, olimex-arm-usb-tiny-h, olimex-jtag-tiny, tumpa)
PACKAGES: 
 - contrib-piohome @ 3.4.4 
 - framework-arduinoespressif32 @ 3.3.7 
 - framework-arduinoespressif32-libs @ 5.5.0+sha.87912cd291 
 - tool-esp-rom-elfs @ 2024.10.11 
 - tool-esptoolpy @ 5.1.2 
 - toolchain-riscv32-esp @ 14.2.0+20251107
*** Applied include path shortening for 288 framework paths ***
*** Path length reduced from 34658 to ~11714 characters ***
*** Estimated savings: 22464 characters ***
LDF: Library Dependency Finder -> https://bit.ly/configure-pio-ldf
LDF Modes: Finder ~ chain, Compatibility ~ soft
Found 46 compatible libraries
Scanning dependencies...
Dependency Graph
|-- lvgl @ 8.4.0
|-- ArduinoJson @ 7.4.3
|-- Wire @ 3.3.7
|-- SPIFFS @ 3.3.7
|-- FS @ 3.3.7
|-- WiFi @ 3.3.7
|-- usb_host_cdc_acm @ 2.4.0
Building in release mode
Compiling .pio\build\esp32p4-fs\src\main.cpp.o
Compiling .pio\build\esp32p4-fs\src\uart_handler.cpp.o
Compiling .pio\build\esp32p4-fs\src\udp_handler.cpp.o
Compiling .pio\build\esp32p4-fs\src\ui\ui_screens.cpp.o
Linking .pio\build\esp32p4-fs\firmware.elf
Firmware metrics can not be shown. Set the terminal codepage to "utf-8" or "cp65001" on Windows.
Retrieving maximum program size .pio\build\esp32p4-fs\firmware.elf
Checking size .pio\build\esp32p4-fs\firmware.elf
Advanced Memory Usage is available via "PlatformIO Home > Project Inspect"
RAM:   [==        ]  18.7% (used 61272 bytes from 327680 bytes)
Flash: [==        ]  23.1% (used 1515596 bytes from 6553600 bytes)
Building .pio\build\esp32p4-fs\firmware.bin
esptool v5.1.2
Creating ESP32P4 image...
Merged 4 ELF sections.
Successfully created ESP32P4 image.
========================= [SUCCESS] Took 24.82 seconds =========================

Environment    Status    Duration
-------------  --------  ------------
esp32p4-fs     SUCCESS   00:00:24.816
========================= 1 succeeded in 00:00:24.816 =========================
