Processing esp32p4-fs (platform: https://github.com/pioarduino/platform-espressif32/releases/download/55.03.37/platform-espressif32.zip; board: esp32-p4; framework: arduino)
--------------------------------------------------------------------------------
Verbose mode can be enabled via `-v, --verbose` option
CONFIGURATION: https://docs.platformio.org/page/boards/espressif32/esp32-p4.html
PLATFORM: Espressif 32 (55.3.37) > Espressif ESP32-P4 ES (pre rev.300) generic
HARDWARE: ESP32P4 360MHz, 320KB RAM, 4MB Flash
DEBUG: Current (cmsis-dap) External (cmsis-dap, esp-bridge, esp-builtin, esp-prog, iot-bus-jtag, jlink, minimodule, olimex-arm-usb-ocd, olimex-arm-usb-ocd-h, olimex-arm-usb-tiny-h, olimex-jtag-tiny, tumpa)
PACKAGES: 
 - contrib-piohome @ 3.4.4 
 - framework-arduinoespressif32 @ 3.3.7 
 - framework-arduinoespressif32-libs @ 5.5.0+sha.87912cd291 
 - tool-esp-rom-elfs @ 2024.10.11 
 - tool-esptoolpy @ 5.1.2 
 - toolchain-riscv32-esp @ 14.2.0+20251107
*** Applied include path shortening for 288 framework paths ***
*** Path length reduced from 34658 to ~11714 characters ***
*** Estimated savings: 22464 characters ***
LDF: Library Dependency Finder -> https://bit.ly/configure-pio-ldf
LDF Modes: Finder ~ chain, Compatibility ~ soft
Found 46 compatible libraries
Scanning dependencies...
Dependency Graph
|-- lvgl @ 8.4.0
|-- ArduinoJson @ 7.4.3
|-- Wire @ 3.3.7
|-- SPIFFS @ 3.3.7
|-- FS @ 3.3.7
|-- WiFi @ 3.3.7
|-- usb_host_cdc_acm @ 2.4.0
Building in release mode
Retrieving maximum program size .pio\build\esp32p4-fs\firmware.elf
Checking size .pio\build\esp32p4-fs\firmware.elf
Advanced Memory Usage is available via "PlatformIO Home > Project Inspect"
RAM:   [==        ]  18.7% (used 61272 bytes from 327680 bytes)
Flash: [==        ]  23.1% (used 1515596 bytes from 6553600 bytes)
Configuring upload protocol...
AVAILABLE: cmsis-dap, esp-bridge, esp-builtin, esp-prog, espota, esptool, iot-bus-jtag, jlink, minimodule, olimex-arm-usb-ocd, olimex-arm-usb-ocd-h, olimex-arm-usb-tiny-h, olimex-jtag-tiny, tumpa
CURRENT: upload_protocol = esptool
Looking for upload port...
Uploading .pio\build\esp32p4-fs\firmware.bin
esptool v5.1.2
Serial port COM21:
Connecting...
Connected to ESP32-P4 on COM21:
Chip type:          ESP32-P4 (revision v1.3)
Features:           Dual Core + LP Core, 400MHz
Crystal frequency:  40MHz
USB mode:           USB-Serial/JTAG
MAC:                80:f1:b2:d3:5a:e2

Changing baud rate to 460800...
Changed.

Enabling default SPI flash mode...
Configuring flash size...
Auto-detected flash size: 16MB
Flash will be erased from 0x00002000 to 0x00007fff...
Flash will be erased from 0x00008000 to 0x00008fff...
Flash will be erased from 0x0000e000 to 0x0000ffff...
Flash will be erased from 0x00010000 to 0x0018afff...
Erasing flash...
Flash parameters set to 0x024f.
SHA digest in image updated.
Compressed 21472 bytes to 13727...
Took 0.14s to erase flash block.

Writing at 0x00002000 [░░░░░░░░░░░░░░░░░░░░░░░░░░░░░░]   0.0% 0/13727 bytes... 

Writing at 0x00002775 [██░░░░░░░░░░░░░░░░░░░░░░░░░░░░]   7.5% 1024/13727 bytes... 

Writing at 0x0000320c [████░░░░░░░░░░░░░░░░░░░░░░░░░░]  14.9% 2048/13727 bytes... 

Writing at 0x0000376a [██████░░░░░░░░░░░░░░░░░░░░░░░░]  22.4% 3072/13727 bytes... 

Writing at 0x00003d32 [████████░░░░░░░░░░░░░░░░░░░░░░]  29.8% 4096/13727 bytes... 

Writing at 0x00004288 [███████████░░░░░░░░░░░░░░░░░░░]  37.3% 5120/13727 bytes... 

Writing at 0x000048ab [█████████████░░░░░░░░░░░░░░░░░]  44.8% 6144/13727 bytes... 

Writing at 0x00004e98 [███████████████░░░░░░░░░░░░░░░]  52.2% 7168/13727 bytes... 

Writing at 0x000054aa [█████████████████░░░░░░░░░░░░░]  59.7% 8192/13727 bytes... 

Writing at 0x00005a1b [████████████████████░░░░░░░░░░]  67.1% 9216/13727 bytes... 

Writing at 0x00006012 [██████████████████████░░░░░░░░]  74.6% 10240/13727 bytes... 

Writing at 0x00006550 [████████████████████████░░░░░░]  82.1% 11264/13727 bytes... 

Writing at 0x00006b3b [██████████████████████████░░░░]  89.5% 12288/13727 bytes... 

Writing at 0x00007188 [█████████████████████████████░]  97.0% 13312/13727 bytes... 

Writing at 0x000073e0 [██████████████████████████████] 100.0% 13727/13727 bytes... 
Wrote 21472 bytes (13727 compressed) at 0x00002000 in 0.2 seconds (1050.6 kbit/s).
Hash of data verified.
Erasing flash...
Compressed 3072 bytes to 137...
Took 0.02s to erase flash block.

Writing at 0x00008000 [░░░░░░░░░░░░░░░░░░░░░░░░░░░░░░]   0.0% 0/137 bytes... 

Writing at 0x00008c00 [██████████████████████████████] 100.0% 137/137 bytes... 
Wrote 3072 bytes (137 compressed) at 0x00008000 in 0.0 seconds (1530.7 kbit/s).
Hash of data verified.
Erasing flash...
Compressed 8192 bytes to 47...
Took 0.04s to erase flash block.

Writing at 0x0000e000 [░░░░░░░░░░░░░░░░░░░░░░░░░░░░░░]   0.0% 0/47 bytes... 

Writing at 0x00010000 [██████████████████████████████] 100.0% 47/47 bytes... 
Wrote 8192 bytes (47 compressed) at 0x0000e000 in 0.0 seconds (1959.2 kbit/s).
Hash of data verified.
Erasing flash...
Compressed 1550896 bytes to 815274...
Took 3.50s to erase flash block.

Writing at 0x00010000 [░░░░░░░░░░░░░░░░░░░░░░░░░░░░░░]   0.0% 0/815274 bytes... 

Writing at 0x00010859 [░░░░░░░░░░░░░░░░░░░░░░░░░░░░░░]   0.1% 1024/815274 bytes... 

Writing at 0x0001179b [░░░░░░░░░░░░░░░░░░░░░░░░░░░░░░]   0.3% 2048/815274 bytes... 

Writing at 0x000123aa [░░░░░░░░░░░░░░░░░░░░░░░░░░░░░░]   0.4% 3072/815274 bytes... 

Writing at 0x000131d2 [░░░░░░░░░░░░░░░░░░░░░░░░░░░░░░]   0.5% 4096/815274 bytes... 

Writing at 0x00013e98 [░░░░░░░░░░░░░░░░░░░░░░░░░░░░░░]   0.6% 5120/815274 bytes... 

Writing at 0x000145fe [░░░░░░░░░░░░░░░░░░░░░░░░░░░░░░]   0.8% 6144/815274 bytes... 

Writing at 0x00015148 [░░░░░░░░░░░░░░░░░░░░░░░░░░░░░░]   0.9% 7168/815274 bytes... 

Writing at 0x0001630d [░░░░░░░░░░░░░░░░░░░░░░░░░░░░░░]   1.0% 8192/815274 bytes... 

Writing at 0x0001756f [░░░░░░░░░░░░░░░░░░░░░░░░░░░░░░]   1.1% 9216/815274 bytes... 

Writing at 0x0001808c [░░░░░░░░░░░░░░░░░░░░░░░░░░░░░░]   1.3% 10240/815274 bytes... 

Writing at 0x00018b9f [░░░░░░░░░░░░░░░░░░░░░░░░░░░░░░]   1.4% 11264/815274 bytes... 

Writing at 0x00019724 [░░░░░░░░░░░░░░░░░░░░░░░░░░░░░░]   1.5% 12288/815274 bytes... 

Writing at 0x0001a536 [░░░░░░░░░░░░░░░░░░░░░░░░░░░░░░]   1.6% 13312/815274 bytes... 

Writing at 0x0001b44a [░░░░░░░░░░░░░░░░░░░░░░░░░░░░░░]   1.8% 14336/815274 bytes... 

Writing at 0x0001bff2 [░░░░░░░░░░░░░░░░░░░░░░░░░░░░░░]   1.9% 15360/815274 bytes... 

Writing at 0x0001cc89 [░░░░░░░░░░░░░░░░░░░░░░░░░░░░░░]   2.0% 16384/815274 bytes... 

Writing at 0x0001da10 [░░░░░░░░░░░░░░░░░░░░░░░░░░░░░░]   2.1% 17408/815274 bytes... 

Writing at 0x0001ea30 [░░░░░░░░░░░░░░░░░░░░░░░░░░░░░░]   2.3% 18432/815274 bytes... 

Writing at 0x0001f78a [░░░░░░░░░░░░░░░░░░░░░░░░░░░░░░]   2.4% 19456/815274 bytes... 

Writing at 0x000203e6 [░░░░░░░░░░░░░░░░░░░░░░░░░░░░░░]   2.5% 20480/815274 bytes... 

Writing at 0x000211b1 [░░░░░░░░░░░░░░░░░░░░░░░░░░░░░░]   2.6% 21504/815274 bytes... 

Writing at 0x00021f78 [░░░░░░░░░░░░░░░░░░░░░░░░░░░░░░]   2.8% 22528/815274 bytes... 

Writing at 0x00022c62 [░░░░░░░░░░░░░░░░░░░░░░░░░░░░░░]   2.9% 23552/815274 bytes... 

Writing at 0x00023d05 [░░░░░░░░░░░░░░░░░░░░░░░░░░░░░░]   3.0% 24576/815274 bytes... 

Writing at 0x00024f9c [░░░░░░░░░░░░░░░░░░░░░░░░░░░░░░]   3.1% 25600/815274 bytes... 

Writing at 0x00025bcd [░░░░░░░░░░░░░░░░░░░░░░░░░░░░░░]   3.3% 26624/815274 bytes... 

Writing at 0x00026a45 [█░░░░░░░░░░░░░░░░░░░░░░░░░░░░░]   3.4% 27648/815274 bytes... 

Writing at 0x00027844 [█░░░░░░░░░░░░░░░░░░░░░░░░░░░░░]   3.5% 28672/815274 bytes... 

Writing at 0x000288f4 [█░░░░░░░░░░░░░░░░░░░░░░░░░░░░░]   3.6% 29696/815274 bytes... 

Writing at 0x00029608 [█░░░░░░░░░░░░░░░░░░░░░░░░░░░░░]   3.8% 30720/815274 bytes... 

Writing at 0x0002a19f [█░░░░░░░░░░░░░░░░░░░░░░░░░░░░░]   3.9% 31744/815274 bytes... 

Writing at 0x0002b14f [█░░░░░░░░░░░░░░░░░░░░░░░░░░░░░]   4.0% 32768/815274 bytes... 

Writing at 0x0002bfb4 [█░░░░░░░░░░░░░░░░░░░░░░░░░░░░░]   4.1% 33792/815274 bytes... 

Writing at 0x0002d069 [█░░░░░░░░░░░░░░░░░░░░░░░░░░░░░]   4.3% 34816/815274 bytes... 

Writing at 0x0002e900 [█░░░░░░░░░░░░░░░░░░░░░░░░░░░░░]   4.4% 35840/815274 bytes... 

Writing at 0x0002fc22 [█░░░░░░░░░░░░░░░░░░░░░░░░░░░░░]   4.5% 36864/815274 bytes... 

Writing at 0x0003128b [█░░░░░░░░░░░░░░░░░░░░░░░░░░░░░]   4.6% 37888/815274 bytes... 

Writing at 0x0003296b [█░░░░░░░░░░░░░░░░░░░░░░░░░░░░░]   4.8% 38912/815274 bytes... 

Writing at 0x000338fd [█░░░░░░░░░░░░░░░░░░░░░░░░░░░░░]   4.9% 39936/815274 bytes... 

Writing at 0x000343d4 [█░░░░░░░░░░░░░░░░░░░░░░░░░░░░░]   5.0% 40960/815274 bytes... 

Writing at 0x00034f86 [█░░░░░░░░░░░░░░░░░░░░░░░░░░░░░]   5.1% 41984/815274 bytes... 

Writing at 0x000359a0 [█░░░░░░░░░░░░░░░░░░░░░░░░░░░░░]   5.3% 43008/815274 bytes... 

Writing at 0x000366bb [█░░░░░░░░░░░░░░░░░░░░░░░░░░░░░]   5.4% 44032/815274 bytes... 

Writing at 0x000371e9 [█░░░░░░░░░░░░░░░░░░░░░░░░░░░░░]   5.5% 45056/815274 bytes... 

Writing at 0x000381ee [█░░░░░░░░░░░░░░░░░░░░░░░░░░░░░]   5.7% 46080/815274 bytes... 

Writing at 0x00039167 [█░░░░░░░░░░░░░░░░░░░░░░░░░░░░░]   5.8% 47104/815274 bytes... 

Writing at 0x00039864 [█░░░░░░░░░░░░░░░░░░░░░░░░░░░░░]   5.9% 48128/815274 bytes... 

Writing at 0x0003a15c [█░░░░░░░░░░░░░░░░░░░░░░░░░░░░░]   6.0% 49152/815274 bytes... 

Writing at 0x0003a761 [█░░░░░░░░░░░░░░░░░░░░░░░░░░░░░]   6.2% 50176/815274 bytes... 

Writing at 0x0003ac17 [█░░░░░░░░░░░░░░░░░░░░░░░░░░░░░]   6.3% 51200/815274 bytes... 

Writing at 0x0003b04c [█░░░░░░░░░░░░░░░░░░░░░░░░░░░░░]   6.4% 52224/815274 bytes... 

Writing at 0x0003b5fa [█░░░░░░░░░░░░░░░░░░░░░░░░░░░░░]   6.5% 53248/815274 bytes... 

Writing at 0x0003be50 [█░░░░░░░░░░░░░░░░░░░░░░░░░░░░░]   6.7% 54272/815274 bytes... 

Writing at 0x0003c970 [██░░░░░░░░░░░░░░░░░░░░░░░░░░░░]   6.8% 55296/815274 bytes... 

Writing at 0x0003cf06 [██░░░░░░░░░░░░░░░░░░░░░░░░░░░░]   6.9% 56320/815274 bytes... 

Writing at 0x0003d4f0 [██░░░░░░░░░░░░░░░░░░░░░░░░░░░░]   7.0% 57344/815274 bytes... 

Writing at 0x0003db04 [██░░░░░░░░░░░░░░░░░░░░░░░░░░░░]   7.2% 58368/815274 bytes... 

Writing at 0x0003e1df [██░░░░░░░░░░░░░░░░░░░░░░░░░░░░]   7.3% 59392/815274 bytes... 

Writing at 0x0003eb19 [██░░░░░░░░░░░░░░░░░░░░░░░░░░░░]   7.4% 60416/815274 bytes... 

Writing at 0x0003f5e9 [██░░░░░░░░░░░░░░░░░░░░░░░░░░░░]   7.5% 61440/815274 bytes... 

Writing at 0x0003fbc9 [██░░░░░░░░░░░░░░░░░░░░░░░░░░░░]   7.7% 62464/815274 bytes... 

Writing at 0x00040214 [██░░░░░░░░░░░░░░░░░░░░░░░░░░░░]   7.8% 63488/815274 bytes... 

Writing at 0x00040853 [██░░░░░░░░░░░░░░░░░░░░░░░░░░░░]   7.9% 64512/815274 bytes... 

Writing at 0x00040f83 [██░░░░░░░░░░░░░░░░░░░░░░░░░░░░]   8.0% 65536/815274 bytes... 

Writing at 0x0004167b [██░░░░░░░░░░░░░░░░░░░░░░░░░░░░]   8.2% 66560/815274 bytes... 

Writing at 0x00041f8e [██░░░░░░░░░░░░░░░░░░░░░░░░░░░░]   8.3% 67584/815274 bytes... 

Writing at 0x00042a80 [██░░░░░░░░░░░░░░░░░░░░░░░░░░░░]   8.4% 68608/815274 bytes... 

Writing at 0x00043039 [██░░░░░░░░░░░░░░░░░░░░░░░░░░░░]   8.5% 69632/815274 bytes... 

Writing at 0x00043684 [██░░░░░░░░░░░░░░░░░░░░░░░░░░░░]   8.7% 70656/815274 bytes... 

Writing at 0x00043d84 [██░░░░░░░░░░░░░░░░░░░░░░░░░░░░]   8.8% 71680/815274 bytes... 

Writing at 0x00044404 [██░░░░░░░░░░░░░░░░░░░░░░░░░░░░]   8.9% 72704/815274 bytes... 

Writing at 0x00044d74 [██░░░░░░░░░░░░░░░░░░░░░░░░░░░░]   9.0% 73728/815274 bytes... 

Writing at 0x000458f2 [██░░░░░░░░░░░░░░░░░░░░░░░░░░░░]   9.2% 74752/815274 bytes... 

Writing at 0x000463b5 [██░░░░░░░░░░░░░░░░░░░░░░░░░░░░]   9.3% 75776/815274 bytes... 

Writing at 0x00046c8d [██░░░░░░░░░░░░░░░░░░░░░░░░░░░░]   9.4% 76800/815274 bytes... 

Writing at 0x00047268 [██░░░░░░░░░░░░░░░░░░░░░░░░░░░░]   9.5% 77824/815274 bytes... 

Writing at 0x00047a75 [██░░░░░░░░░░░░░░░░░░░░░░░░░░░░]   9.7% 78848/815274 bytes... 

Writing at 0x000481a6 [██░░░░░░░░░░░░░░░░░░░░░░░░░░░░]   9.8% 79872/815274 bytes... 

Writing at 0x00048923 [██░░░░░░░░░░░░░░░░░░░░░░░░░░░░]   9.9% 80896/815274 bytes... 

Writing at 0x00049231 [███░░░░░░░░░░░░░░░░░░░░░░░░░░░]  10.0% 81920/815274 bytes... 

Writing at 0x00049b2d [███░░░░░░░░░░░░░░░░░░░░░░░░░░░]  10.2% 82944/815274 bytes... 

Writing at 0x0004a5fa [███░░░░░░░░░░░░░░░░░░░░░░░░░░░]  10.3% 83968/815274 bytes... 

Writing at 0x0004afd1 [███░░░░░░░░░░░░░░░░░░░░░░░░░░░]  10.4% 84992/815274 bytes... 

Writing at 0x0004b790 [███░░░░░░░░░░░░░░░░░░░░░░░░░░░]  10.6% 86016/815274 bytes... 

Writing at 0x0004be07 [███░░░░░░░░░░░░░░░░░░░░░░░░░░░]  10.7% 87040/815274 bytes... 

Writing at 0x0004c668 [███░░░░░░░░░░░░░░░░░░░░░░░░░░░]  10.8% 88064/815274 bytes... 

Writing at 0x0004ce95 [███░░░░░░░░░░░░░░░░░░░░░░░░░░░]  10.9% 89088/815274 bytes... 

Writing at 0x0004d694 [███░░░░░░░░░░░░░░░░░░░░░░░░░░░]  11.1% 90112/815274 bytes... 

Writing at 0x0004e169 [███░░░░░░░░░░░░░░░░░░░░░░░░░░░]  11.2% 91136/815274 bytes... 

Writing at 0x0004eacb [███░░░░░░░░░░░░░░░░░░░░░░░░░░░]  11.3% 92160/815274 bytes... 

Writing at 0x0004f6a7 [███░░░░░░░░░░░░░░░░░░░░░░░░░░░]  11.4% 93184/815274 bytes... 

Writing at 0x00050092 [███░░░░░░░░░░░░░░░░░░░░░░░░░░░]  11.6% 94208/815274 bytes... 

Writing at 0x00050940 [███░░░░░░░░░░░░░░░░░░░░░░░░░░░]  11.7% 95232/815274 bytes... 

Writing at 0x00050ee4 [███░░░░░░░░░░░░░░░░░░░░░░░░░░░]  11.8% 96256/815274 bytes... 

Writing at 0x000515cb [███░░░░░░░░░░░░░░░░░░░░░░░░░░░]  11.9% 97280/815274 bytes... 

Writing at 0x00051f94 [███░░░░░░░░░░░░░░░░░░░░░░░░░░░]  12.1% 98304/815274 bytes... 

Writing at 0x000527da [███░░░░░░░░░░░░░░░░░░░░░░░░░░░]  12.2% 99328/815274 bytes... 

Writing at 0x0005304f [███░░░░░░░░░░░░░░░░░░░░░░░░░░░]  12.3% 100352/815274 bytes... 

Writing at 0x00053949 [███░░░░░░░░░░░░░░░░░░░░░░░░░░░]  12.4% 101376/815274 bytes... 

Writing at 0x000543d1 [███░░░░░░░░░░░░░░░░░░░░░░░░░░░]  12.6% 102400/815274 bytes... 

Writing at 0x00054f48 [███░░░░░░░░░░░░░░░░░░░░░░░░░░░]  12.7% 103424/815274 bytes... 

Writing at 0x00055c41 [███░░░░░░░░░░░░░░░░░░░░░░░░░░░]  12.8% 104448/815274 bytes... 

Writing at 0x00056519 [███░░░░░░░░░░░░░░░░░░░░░░░░░░░]  12.9% 105472/815274 bytes... 

Writing at 0x00056e16 [███░░░░░░░░░░░░░░░░░░░░░░░░░░░]  13.1% 106496/815274 bytes... 

Writing at 0x000574a7 [███░░░░░░░░░░░░░░░░░░░░░░░░░░░]  13.2% 107520/815274 bytes... 

Writing at 0x00057c54 [███░░░░░░░░░░░░░░░░░░░░░░░░░░░]  13.3% 108544/815274 bytes... 

Writing at 0x00058698 [████░░░░░░░░░░░░░░░░░░░░░░░░░░]  13.4% 109568/815274 bytes... 

Writing at 0x00059077 [████░░░░░░░░░░░░░░░░░░░░░░░░░░]  13.6% 110592/815274 bytes... 

Writing at 0x000599ff [████░░░░░░░░░░░░░░░░░░░░░░░░░░]  13.7% 111616/815274 bytes... 

Writing at 0x0005a412 [████░░░░░░░░░░░░░░░░░░░░░░░░░░]  13.8% 112640/815274 bytes... 

Writing at 0x0005b019 [████░░░░░░░░░░░░░░░░░░░░░░░░░░]  13.9% 113664/815274 bytes... 

Writing at 0x0005bcae [████░░░░░░░░░░░░░░░░░░░░░░░░░░]  14.1% 114688/815274 bytes... 

Writing at 0x0005cb01 [████░░░░░░░░░░░░░░░░░░░░░░░░░░]  14.2% 115712/815274 bytes... 

Writing at 0x0005d4a6 [████░░░░░░░░░░░░░░░░░░░░░░░░░░]  14.3% 116736/815274 bytes... 

Writing at 0x0005dd86 [████░░░░░░░░░░░░░░░░░░░░░░░░░░]  14.4% 117760/815274 bytes... 

Writing at 0x0005e322 [████░░░░░░░░░░░░░░░░░░░░░░░░░░]  14.6% 118784/815274 bytes... 

Writing at 0x0005eaf9 [████░░░░░░░░░░░░░░░░░░░░░░░░░░]  14.7% 119808/815274 bytes... 

Writing at 0x0005f54d [████░░░░░░░░░░░░░░░░░░░░░░░░░░]  14.8% 120832/815274 bytes... 

Writing at 0x0005ffb5 [████░░░░░░░░░░░░░░░░░░░░░░░░░░]  14.9% 121856/815274 bytes... 

Writing at 0x0006094f [████░░░░░░░░░░░░░░░░░░░░░░░░░░]  15.1% 122880/815274 bytes... 

Writing at 0x00061343 [████░░░░░░░░░░░░░░░░░░░░░░░░░░]  15.2% 123904/815274 bytes... 

Writing at 0x00061fd7 [████░░░░░░░░░░░░░░░░░░░░░░░░░░]  15.3% 124928/815274 bytes... 

Writing at 0x00062d9c [████░░░░░░░░░░░░░░░░░░░░░░░░░░]  15.4% 125952/815274 bytes... 

Writing at 0x000639a5 [████░░░░░░░░░░░░░░░░░░░░░░░░░░]  15.6% 126976/815274 bytes... 

Writing at 0x00064822 [████░░░░░░░░░░░░░░░░░░░░░░░░░░]  15.7% 128000/815274 bytes... 

Writing at 0x00065811 [████░░░░░░░░░░░░░░░░░░░░░░░░░░]  15.8% 129024/815274 bytes... 

Writing at 0x00066361 [████░░░░░░░░░░░░░░░░░░░░░░░░░░]  16.0% 130048/815274 bytes... 

Writing at 0x00066adb [████░░░░░░░░░░░░░░░░░░░░░░░░░░]  16.1% 131072/815274 bytes... 

Writing at 0x00066fed [████░░░░░░░░░░░░░░░░░░░░░░░░░░]  16.2% 132096/815274 bytes... 

Writing at 0x00067831 [████░░░░░░░░░░░░░░░░░░░░░░░░░░]  16.3% 133120/815274 bytes... 

Writing at 0x0006834e [████░░░░░░░░░░░░░░░░░░░░░░░░░░]  16.5% 134144/815274 bytes... 

Writing at 0x00068da0 [████░░░░░░░░░░░░░░░░░░░░░░░░░░]  16.6% 135168/815274 bytes... 

Writing at 0x00069bd1 [█████░░░░░░░░░░░░░░░░░░░░░░░░░]  16.7% 136192/815274 bytes... 

Writing at 0x0006a92f [█████░░░░░░░░░░░░░░░░░░░░░░░░░]  16.8% 137216/815274 bytes... 

Writing at 0x0006b708 [█████░░░░░░░░░░░░░░░░░░░░░░░░░]  17.0% 138240/815274 bytes... 

Writing at 0x0006c1f0 [█████░░░░░░░░░░░░░░░░░░░░░░░░░]  17.1% 139264/815274 bytes... 

Writing at 0x0006cffc [█████░░░░░░░░░░░░░░░░░░░░░░░░░]  17.2% 140288/815274 bytes... 

Writing at 0x0006dc40 [█████░░░░░░░░░░░░░░░░░░░░░░░░░]  17.3% 141312/815274 bytes... 

Writing at 0x0006ebef [█████░░░░░░░░░░░░░░░░░░░░░░░░░]  17.5% 142336/815274 bytes... 

Writing at 0x0006fb37 [█████░░░░░░░░░░░░░░░░░░░░░░░░░]  17.6% 143360/815274 bytes... 

Writing at 0x00070cd3 [█████░░░░░░░░░░░░░░░░░░░░░░░░░]  17.7% 144384/815274 bytes... 

Writing at 0x00071d2e [█████░░░░░░░░░░░░░░░░░░░░░░░░░]  17.8% 145408/815274 bytes... 

Writing at 0x00072f72 [█████░░░░░░░░░░░░░░░░░░░░░░░░░]  18.0% 146432/815274 bytes... 

Writing at 0x000741d4 [█████░░░░░░░░░░░░░░░░░░░░░░░░░]  18.1% 147456/815274 bytes... 

Writing at 0x00075bf5 [█████░░░░░░░░░░░░░░░░░░░░░░░░░]  18.2% 148480/815274 bytes... 

Writing at 0x00076efe [█████░░░░░░░░░░░░░░░░░░░░░░░░░]  18.3% 149504/815274 bytes... 

Writing at 0x000774f9 [█████░░░░░░░░░░░░░░░░░░░░░░░░░]  18.5% 150528/815274 bytes... 

Writing at 0x00077d69 [█████░░░░░░░░░░░░░░░░░░░░░░░░░]  18.6% 151552/815274 bytes... 

Writing at 0x000785f1 [█████░░░░░░░░░░░░░░░░░░░░░░░░░]  18.7% 152576/815274 bytes... 

Writing at 0x000790a4 [█████░░░░░░░░░░░░░░░░░░░░░░░░░]  18.8% 153600/815274 bytes... 

Writing at 0x00079769 [█████░░░░░░░░░░░░░░░░░░░░░░░░░]  19.0% 154624/815274 bytes... 

Writing at 0x0007a173 [█████░░░░░░░░░░░░░░░░░░░░░░░░░]  19.1% 155648/815274 bytes... 

Writing at 0x0007a92d [█████░░░░░░░░░░░░░░░░░░░░░░░░░]  19.2% 156672/815274 bytes... 

Writing at 0x0007b4ca [█████░░░░░░░░░░░░░░░░░░░░░░░░░]  19.3% 157696/815274 bytes... 

Writing at 0x0007bf7a [█████░░░░░░░░░░░░░░░░░░░░░░░░░]  19.5% 158720/815274 bytes... 

Writing at 0x0007cb0c [█████░░░░░░░░░░░░░░░░░░░░░░░░░]  19.6% 159744/815274 bytes... 

Writing at 0x0007d4fd [█████░░░░░░░░░░░░░░░░░░░░░░░░░]  19.7% 160768/815274 bytes... 

Writing at 0x0007db7c [█████░░░░░░░░░░░░░░░░░░░░░░░░░]  19.8% 161792/815274 bytes... 

Writing at 0x0007e7c1 [█████░░░░░░░░░░░░░░░░░░░░░░░░░]  20.0% 162816/815274 bytes... 

Writing at 0x0007f320 [██████░░░░░░░░░░░░░░░░░░░░░░░░]  20.1% 163840/815274 bytes... 

Writing at 0x0007fc81 [██████░░░░░░░░░░░░░░░░░░░░░░░░]  20.2% 164864/815274 bytes... 

Writing at 0x00080338 [██████░░░░░░░░░░░░░░░░░░░░░░░░]  20.3% 165888/815274 bytes... 

Writing at 0x00080ac2 [██████░░░░░░░░░░░░░░░░░░░░░░░░]  20.5% 166912/815274 bytes... 

Writing at 0x000811f2 [██████░░░░░░░░░░░░░░░░░░░░░░░░]  20.6% 167936/815274 bytes... 

Writing at 0x00081c65 [██████░░░░░░░░░░░░░░░░░░░░░░░░]  20.7% 168960/815274 bytes... 

Writing at 0x00082f55 [██████░░░░░░░░░░░░░░░░░░░░░░░░]  20.8% 169984/815274 bytes... 

Writing at 0x0008425e [██████░░░░░░░░░░░░░░░░░░░░░░░░]  21.0% 171008/815274 bytes... 

Writing at 0x0008594d [██████░░░░░░░░░░░░░░░░░░░░░░░░]  21.1% 172032/815274 bytes... 

Writing at 0x00087150 [██████░░░░░░░░░░░░░░░░░░░░░░░░]  21.2% 173056/815274 bytes... 

Writing at 0x00088b69 [██████░░░░░░░░░░░░░░░░░░░░░░░░]  21.4% 174080/815274 bytes... 

Writing at 0x0008a448 [██████░░░░░░░░░░░░░░░░░░░░░░░░]  21.5% 175104/815274 bytes... 

Writing at 0x0008bd4e [██████░░░░░░░░░░░░░░░░░░░░░░░░]  21.6% 176128/815274 bytes... 

Writing at 0x0008d4ea [██████░░░░░░░░░░░░░░░░░░░░░░░░]  21.7% 177152/815274 bytes... 

Writing at 0x0008ebc1 [██████░░░░░░░░░░░░░░░░░░░░░░░░]  21.9% 178176/815274 bytes... 

Writing at 0x0008f874 [██████░░░░░░░░░░░░░░░░░░░░░░░░]  22.0% 179200/815274 bytes... 

Writing at 0x00090041 [██████░░░░░░░░░░░░░░░░░░░░░░░░]  22.1% 180224/815274 bytes... 

Writing at 0x00090a10 [██████░░░░░░░░░░░░░░░░░░░░░░░░]  22.2% 181248/815274 bytes... 

Writing at 0x000910d3 [██████░░░░░░░░░░░░░░░░░░░░░░░░]  22.4% 182272/815274 bytes... 

Writing at 0x00091589 [██████░░░░░░░░░░░░░░░░░░░░░░░░]  22.5% 183296/815274 bytes... 

Writing at 0x00091b5f [██████░░░░░░░░░░░░░░░░░░░░░░░░]  22.6% 184320/815274 bytes... 

Writing at 0x00091f00 [██████░░░░░░░░░░░░░░░░░░░░░░░░]  22.7% 185344/815274 bytes... 

Writing at 0x00092307 [██████░░░░░░░░░░░░░░░░░░░░░░░░]  22.9% 186368/815274 bytes... 

Writing at 0x00092ab6 [██████░░░░░░░░░░░░░░░░░░░░░░░░]  23.0% 187392/815274 bytes... 

Writing at 0x0009372b [██████░░░░░░░░░░░░░░░░░░░░░░░░]  23.1% 188416/815274 bytes... 

Writing at 0x00093ebd [██████░░░░░░░░░░░░░░░░░░░░░░░░]  23.2% 189440/815274 bytes... 

Writing at 0x000947ed [███████░░░░░░░░░░░░░░░░░░░░░░░]  23.4% 190464/815274 bytes... 

Writing at 0x00094fe9 [███████░░░░░░░░░░░░░░░░░░░░░░░]  23.5% 191488/815274 bytes... 

Writing at 0x00095959 [███████░░░░░░░░░░░░░░░░░░░░░░░]  23.6% 192512/815274 bytes... 

Writing at 0x000962fe [███████░░░░░░░░░░░░░░░░░░░░░░░]  23.7% 193536/815274 bytes... 

Writing at 0x00096c6b [███████░░░░░░░░░░░░░░░░░░░░░░░]  23.9% 194560/815274 bytes... 

Writing at 0x00097850 [███████░░░░░░░░░░░░░░░░░░░░░░░]  24.0% 195584/815274 bytes... 

Writing at 0x00098308 [███████░░░░░░░░░░░░░░░░░░░░░░░]  24.1% 196608/815274 bytes... 

Writing at 0x00098e35 [███████░░░░░░░░░░░░░░░░░░░░░░░]  24.2% 197632/815274 bytes... 

Writing at 0x00099816 [███████░░░░░░░░░░░░░░░░░░░░░░░]  24.4% 198656/815274 bytes... 

Writing at 0x0009a2c1 [███████░░░░░░░░░░░░░░░░░░░░░░░]  24.5% 199680/815274 bytes... 

Writing at 0x0009ad04 [███████░░░░░░░░░░░░░░░░░░░░░░░]  24.6% 200704/815274 bytes... 

Writing at 0x0009b748 [███████░░░░░░░░░░░░░░░░░░░░░░░]  24.7% 201728/815274 bytes... 

Writing at 0x0009c284 [███████░░░░░░░░░░░░░░░░░░░░░░░]  24.9% 202752/815274 bytes... 

Writing at 0x0009c9f9 [███████░░░░░░░░░░░░░░░░░░░░░░░]  25.0% 203776/815274 bytes... 

Writing at 0x0009ce7d [███████░░░░░░░░░░░░░░░░░░░░░░░]  25.1% 204800/815274 bytes... 

Writing at 0x0009d48c [███████░░░░░░░░░░░░░░░░░░░░░░░]  25.2% 205824/815274 bytes... 

Writing at 0x0009d9d3 [███████░░░░░░░░░░░░░░░░░░░░░░░]  25.4% 206848/815274 bytes... 

Writing at 0x0009df9b [███████░░░░░░░░░░░░░░░░░░░░░░░]  25.5% 207872/815274 bytes... 

Writing at 0x0009e50a [███████░░░░░░░░░░░░░░░░░░░░░░░]  25.6% 208896/815274 bytes... 

Writing at 0x0009eaec [███████░░░░░░░░░░░░░░░░░░░░░░░]  25.7% 209920/815274 bytes... 

Writing at 0x0009f01b [███████░░░░░░░░░░░░░░░░░░░░░░░]  25.9% 210944/815274 bytes... 

Writing at 0x0009f5f3 [███████░░░░░░░░░░░░░░░░░░░░░░░]  26.0% 211968/815274 bytes... 

Writing at 0x0009fb0f [███████░░░░░░░░░░░░░░░░░░░░░░░]  26.1% 212992/815274 bytes... 

Writing at 0x0009ffcd [███████░░░░░░░░░░░░░░░░░░░░░░░]  26.3% 214016/815274 bytes... 

Writing at 0x000a05bd [███████░░░░░░░░░░░░░░░░░░░░░░░]  26.4% 215040/815274 bytes... 

Writing at 0x000a0b24 [███████░░░░░░░░░░░░░░░░░░░░░░░]  26.5% 216064/815274 bytes... 

Writing at 0x000a10d6 [███████░░░░░░░░░░░░░░░░░░░░░░░]  26.6% 217088/815274 bytes... 

Writing at 0x000a15d0 [████████░░░░░░░░░░░░░░░░░░░░░░]  26.8% 218112/815274 bytes... 

Writing at 0x000a1bdc [████████░░░░░░░░░░░░░░░░░░░░░░]  26.9% 219136/815274 bytes... 

Writing at 0x000a2234 [████████░░░░░░░░░░░░░░░░░░░░░░]  27.0% 220160/815274 bytes... 

Writing at 0x000a281d [████████░░░░░░░░░░░░░░░░░░░░░░]  27.1% 221184/815274 bytes... 

Writing at 0x000a2dc7 [████████░░░░░░░░░░░░░░░░░░░░░░]  27.3% 222208/815274 bytes... 

Writing at 0x000a33b7 [████████░░░░░░░░░░░░░░░░░░░░░░]  27.4% 223232/815274 bytes... 

Writing at 0x000a3981 [████████░░░░░░░░░░░░░░░░░░░░░░]  27.5% 224256/815274 bytes... 

Writing at 0x000a40c6 [████████░░░░░░░░░░░░░░░░░░░░░░]  27.6% 225280/815274 bytes... 

Writing at 0x000a47f1 [████████░░░░░░░░░░░░░░░░░░░░░░]  27.8% 226304/815274 bytes... 

Writing at 0x000a4e6b [████████░░░░░░░░░░░░░░░░░░░░░░]  27.9% 227328/815274 bytes... 

Writing at 0x000a54ad [████████░░░░░░░░░░░░░░░░░░░░░░]  28.0% 228352/815274 bytes... 

Writing at 0x000a5aee [████████░░░░░░░░░░░░░░░░░░░░░░]  28.1% 229376/815274 bytes... 

Writing at 0x000a6158 [████████░░░░░░░░░░░░░░░░░░░░░░]  28.3% 230400/815274 bytes... 

Writing at 0x000a681b [████████░░░░░░░░░░░░░░░░░░░░░░]  28.4% 231424/815274 bytes... 

Writing at 0x000a6d97 [████████░░░░░░░░░░░░░░░░░░░░░░]  28.5% 232448/815274 bytes... 

Writing at 0x000a7301 [████████░░░░░░░░░░░░░░░░░░░░░░]  28.6% 233472/815274 bytes... 

Writing at 0x000a78b8 [████████░░░░░░░░░░░░░░░░░░░░░░]  28.8% 234496/815274 bytes... 

Writing at 0x000a7e2f [████████░░░░░░░░░░░░░░░░░░░░░░]  28.9% 235520/815274 bytes... 

Writing at 0x000a83ba [████████░░░░░░░░░░░░░░░░░░░░░░]  29.0% 236544/815274 bytes... 

Writing at 0x000a8a22 [████████░░░░░░░░░░░░░░░░░░░░░░]  29.1% 237568/815274 bytes... 

Writing at 0x000a8f89 [████████░░░░░░░░░░░░░░░░░░░░░░]  29.3% 238592/815274 bytes... 

Writing at 0x000a94fa [████████░░░░░░░░░░░░░░░░░░░░░░]  29.4% 239616/815274 bytes... 

Writing at 0x000a99dc [████████░░░░░░░░░░░░░░░░░░░░░░]  29.5% 240640/815274 bytes... 

Writing at 0x000a9f12 [████████░░░░░░░░░░░░░░░░░░░░░░]  29.6% 241664/815274 bytes... 

Writing at 0x000aa5b0 [████████░░░░░░░░░░░░░░░░░░░░░░]  29.8% 242688/815274 bytes... 

Writing at 0x000aaaf7 [████████░░░░░░░░░░░░░░░░░░░░░░]  29.9% 243712/815274 bytes... 

Writing at 0x000ab039 [█████████░░░░░░░░░░░░░░░░░░░░░]  30.0% 244736/815274 bytes... 

Writing at 0x000ab5a6 [█████████░░░░░░░░░░░░░░░░░░░░░]  30.1% 245760/815274 bytes... 

Writing at 0x000abb44 [█████████░░░░░░░░░░░░░░░░░░░░░]  30.3% 246784/815274 bytes... 

Writing at 0x000ac0b2 [█████████░░░░░░░░░░░░░░░░░░░░░]  30.4% 247808/815274 bytes... 

Writing at 0x000ac624 [█████████░░░░░░░░░░░░░░░░░░░░░]  30.5% 248832/815274 bytes... 

Writing at 0x000acc02 [█████████░░░░░░░░░░░░░░░░░░░░░]  30.6% 249856/815274 bytes... 

Writing at 0x000ad1a7 [█████████░░░░░░░░░░░░░░░░░░░░░]  30.8% 250880/815274 bytes... 

Writing at 0x000ad778 [█████████░░░░░░░░░░░░░░░░░░░░░]  30.9% 251904/815274 bytes... 

Writing at 0x000adde3 [█████████░░░░░░░░░░░░░░░░░░░░░]  31.0% 252928/815274 bytes... 

Writing at 0x000ae33b [█████████░░░░░░░░░░░░░░░░░░░░░]  31.1% 253952/815274 bytes... 

Writing at 0x000ae83f [█████████░░░░░░░░░░░░░░░░░░░░░]  31.3% 254976/815274 bytes... 

Writing at 0x000aed91 [█████████░░░░░░░░░░░░░░░░░░░░░]  31.4% 256000/815274 bytes... 

Writing at 0x000af26f [█████████░░░░░░░░░░░░░░░░░░░░░]  31.5% 257024/815274 bytes... 

Writing at 0x000af77f [█████████░░░░░░░░░░░░░░░░░░░░░]  31.7% 258048/815274 bytes... 

Writing at 0x000afc2b [█████████░░░░░░░░░░░░░░░░░░░░░]  31.8% 259072/815274 bytes... 

Writing at 0x000b016c [█████████░░░░░░░░░░░░░░░░░░░░░]  31.9% 260096/815274 bytes... 

Writing at 0x000b06c3 [█████████░░░░░░░░░░░░░░░░░░░░░]  32.0% 261120/815274 bytes... 

Writing at 0x000b0be7 [█████████░░░░░░░░░░░░░░░░░░░░░]  32.2% 262144/815274 bytes... 

Writing at 0x000b114d [█████████░░░░░░░░░░░░░░░░░░░░░]  32.3% 263168/815274 bytes... 

Writing at 0x000b16e3 [█████████░░░░░░░░░░░░░░░░░░░░░]  32.4% 264192/815274 bytes... 

Writing at 0x000b1d28 [█████████░░░░░░░░░░░░░░░░░░░░░]  32.5% 265216/815274 bytes... 

Writing at 0x000b2410 [█████████░░░░░░░░░░░░░░░░░░░░░]  32.7% 266240/815274 bytes... 

Writing at 0x000b298b [█████████░░░░░░░░░░░░░░░░░░░░░]  32.8% 267264/815274 bytes... 

Writing at 0x000b2e5b [█████████░░░░░░░░░░░░░░░░░░░░░]  32.9% 268288/815274 bytes... 

Writing at 0x000b33c3 [█████████░░░░░░░░░░░░░░░░░░░░░]  33.0% 269312/815274 bytes... 

Writing at 0x000b38fa [█████████░░░░░░░░░░░░░░░░░░░░░]  33.2% 270336/815274 bytes... 

Writing at 0x000b3dc2 [█████████░░░░░░░░░░░░░░░░░░░░░]  33.3% 271360/815274 bytes... 

Writing at 0x000b4399 [██████████░░░░░░░░░░░░░░░░░░░░]  33.4% 272384/815274 bytes... 

Writing at 0x000b4d82 [██████████░░░░░░░░░░░░░░░░░░░░]  33.5% 273408/815274 bytes... 

Writing at 0x000b53ca [██████████░░░░░░░░░░░░░░░░░░░░]  33.7% 274432/815274 bytes... 

Writing at 0x000b5cdc [██████████░░░░░░░░░░░░░░░░░░░░]  33.8% 275456/815274 bytes... 

Writing at 0x000b63d8 [██████████░░░░░░░░░░░░░░░░░░░░]  33.9% 276480/815274 bytes... 

Writing at 0x000b68fe [██████████░░░░░░░░░░░░░░░░░░░░]  34.0% 277504/815274 bytes... 

Writing at 0x000b6ea3 [██████████░░░░░░░░░░░░░░░░░░░░]  34.2% 278528/815274 bytes... 

Writing at 0x000b74c0 [██████████░░░░░░░░░░░░░░░░░░░░]  34.3% 279552/815274 bytes... 

Writing at 0x000b7a8a [██████████░░░░░░░░░░░░░░░░░░░░]  34.4% 280576/815274 bytes... 

Writing at 0x000b7ff2 [██████████░░░░░░░░░░░░░░░░░░░░]  34.5% 281600/815274 bytes... 

Writing at 0x000b8515 [██████████░░░░░░░░░░░░░░░░░░░░]  34.7% 282624/815274 bytes... 

Writing at 0x000b89ea [██████████░░░░░░░░░░░░░░░░░░░░]  34.8% 283648/815274 bytes... 

Writing at 0x000b8efc [██████████░░░░░░░░░░░░░░░░░░░░]  34.9% 284672/815274 bytes... 

Writing at 0x000b94fa [██████████░░░░░░░░░░░░░░░░░░░░]  35.0% 285696/815274 bytes... 

Writing at 0x000b99fc [██████████░░░░░░░░░░░░░░░░░░░░]  35.2% 286720/815274 bytes... 

Writing at 0x000b9f95 [██████████░░░░░░░░░░░░░░░░░░░░]  35.3% 287744/815274 bytes... 

Writing at 0x000ba687 [██████████░░░░░░░░░░░░░░░░░░░░]  35.4% 288768/815274 bytes... 

Writing at 0x000babc8 [██████████░░░░░░░░░░░░░░░░░░░░]  35.5% 289792/815274 bytes... 

Writing at 0x000bb066 [██████████░░░░░░░░░░░░░░░░░░░░]  35.7% 290816/815274 bytes... 

Writing at 0x000bb58c [██████████░░░░░░░░░░░░░░░░░░░░]  35.8% 291840/815274 bytes... 

Writing at 0x000bbaf6 [██████████░░░░░░░░░░░░░░░░░░░░]  35.9% 292864/815274 bytes... 

Writing at 0x000bc038 [██████████░░░░░░░░░░░░░░░░░░░░]  36.0% 293888/815274 bytes... 

Writing at 0x000bc604 [██████████░░░░░░░░░░░░░░░░░░░░]  36.2% 294912/815274 bytes... 

Writing at 0x000bcbde [██████████░░░░░░░░░░░░░░░░░░░░]  36.3% 295936/815274 bytes... 

Writing at 0x000bd17b [██████████░░░░░░░░░░░░░░░░░░░░]  36.4% 296960/815274 bytes... 

Writing at 0x000bd71f [██████████░░░░░░░░░░░░░░░░░░░░]  36.6% 297984/815274 bytes... 

Writing at 0x000bdcf0 [███████████░░░░░░░░░░░░░░░░░░░]  36.7% 299008/815274 bytes... 

Writing at 0x000be267 [███████████░░░░░░░░░░░░░░░░░░░]  36.8% 300032/815274 bytes... 

Writing at 0x000be868 [███████████░░░░░░░░░░░░░░░░░░░]  36.9% 301056/815274 bytes... 

Writing at 0x000bee4a [███████████░░░░░░░░░░░░░░░░░░░]  37.1% 302080/815274 bytes... 

Writing at 0x000bf400 [███████████░░░░░░░░░░░░░░░░░░░]  37.2% 303104/815274 bytes... 

Writing at 0x000bf9f1 [███████████░░░░░░░░░░░░░░░░░░░]  37.3% 304128/815274 bytes... 

Writing at 0x000bffda [███████████░░░░░░░░░░░░░░░░░░░]  37.4% 305152/815274 bytes... 

Writing at 0x000c0549 [███████████░░░░░░░░░░░░░░░░░░░]  37.6% 306176/815274 bytes... 

Writing at 0x000c0b36 [███████████░░░░░░░░░░░░░░░░░░░]  37.7% 307200/815274 bytes... 

Writing at 0x000c12ef [███████████░░░░░░░░░░░░░░░░░░░]  37.8% 308224/815274 bytes... 

Writing at 0x000c1af1 [███████████░░░░░░░░░░░░░░░░░░░]  37.9% 309248/815274 bytes... 

Writing at 0x000c22ea [███████████░░░░░░░░░░░░░░░░░░░]  38.1% 310272/815274 bytes... 

Writing at 0x000c2904 [███████████░░░░░░░░░░░░░░░░░░░]  38.2% 311296/815274 bytes... 

Writing at 0x000c306e [███████████░░░░░░░░░░░░░░░░░░░]  38.3% 312320/815274 bytes... 

Writing at 0x000c36a4 [███████████░░░░░░░░░░░░░░░░░░░]  38.4% 313344/815274 bytes... 

Writing at 0x000c3d16 [███████████░░░░░░░░░░░░░░░░░░░]  38.6% 314368/815274 bytes... 

Writing at 0x000c42b3 [███████████░░░░░░░░░░░░░░░░░░░]  38.7% 315392/815274 bytes... 

Writing at 0x000c4925 [███████████░░░░░░░░░░░░░░░░░░░]  38.8% 316416/815274 bytes... 

Writing at 0x000c50a7 [███████████░░░░░░░░░░░░░░░░░░░]  38.9% 317440/815274 bytes... 

Writing at 0x000c56fa [███████████░░░░░░░░░░░░░░░░░░░]  39.1% 318464/815274 bytes... 

Writing at 0x000c5d10 [███████████░░░░░░░░░░░░░░░░░░░]  39.2% 319488/815274 bytes... 

Writing at 0x000c63b7 [███████████░░░░░░░░░░░░░░░░░░░]  39.3% 320512/815274 bytes... 

Writing at 0x000c6a8b [███████████░░░░░░░░░░░░░░░░░░░]  39.4% 321536/815274 bytes... 

Writing at 0x000c72dd [███████████░░░░░░░░░░░░░░░░░░░]  39.6% 322560/815274 bytes... 

Writing at 0x000c7a50 [███████████░░░░░░░░░░░░░░░░░░░]  39.7% 323584/815274 bytes... 

Writing at 0x000c81ba [███████████░░░░░░░░░░░░░░░░░░░]  39.8% 324608/815274 bytes... 

Writing at 0x000c88f0 [███████████░░░░░░░░░░░░░░░░░░░]  39.9% 325632/815274 bytes... 

Writing at 0x000c8f29 [████████████░░░░░░░░░░░░░░░░░░]  40.1% 326656/815274 bytes... 

Writing at 0x000c953f [████████████░░░░░░░░░░░░░░░░░░]  40.2% 327680/815274 bytes... 

Writing at 0x000c9bab [████████████░░░░░░░░░░░░░░░░░░]  40.3% 328704/815274 bytes... 

Writing at 0x000ca248 [████████████░░░░░░░░░░░░░░░░░░]  40.4% 329728/815274 bytes... 

Writing at 0x000ca8fa [████████████░░░░░░░░░░░░░░░░░░]  40.6% 330752/815274 bytes... 

Writing at 0x000caec7 [████████████░░░░░░░░░░░░░░░░░░]  40.7% 331776/815274 bytes... 

Writing at 0x000cb452 [████████████░░░░░░░░░░░░░░░░░░]  40.8% 332800/815274 bytes... 

Writing at 0x000cb996 [████████████░░░░░░░░░░░░░░░░░░]  40.9% 333824/815274 bytes... 

Writing at 0x000cbec8 [████████████░░░░░░░░░░░░░░░░░░]  41.1% 334848/815274 bytes... 

Writing at 0x000cc3f0 [████████████░░░░░░░░░░░░░░░░░░]  41.2% 335872/815274 bytes... 

Writing at 0x000cc907 [████████████░░░░░░░░░░░░░░░░░░]  41.3% 336896/815274 bytes... 

Writing at 0x000cce9e [████████████░░░░░░░░░░░░░░░░░░]  41.4% 337920/815274 bytes... 

Writing at 0x000cd406 [████████████░░░░░░░░░░░░░░░░░░]  41.6% 338944/815274 bytes... 

Writing at 0x000cd934 [████████████░░░░░░░░░░░░░░░░░░]  41.7% 339968/815274 bytes... 

Writing at 0x000cded8 [████████████░░░░░░░░░░░░░░░░░░]  41.8% 340992/815274 bytes... 

Writing at 0x000ce586 [████████████░░░░░░░░░░░░░░░░░░]  42.0% 342016/815274 bytes... 

Writing at 0x000cec70 [████████████░░░░░░░░░░░░░░░░░░]  42.1% 343040/815274 bytes... 

Writing at 0x000cf521 [████████████░░░░░░░░░░░░░░░░░░]  42.2% 344064/815274 bytes... 

Writing at 0x000cfcc2 [████████████░░░░░░░░░░░░░░░░░░]  42.3% 345088/815274 bytes... 

Writing at 0x000d02de [████████████░░░░░░░░░░░░░░░░░░]  42.5% 346112/815274 bytes... 

Writing at 0x000d09e7 [████████████░░░░░░░░░░░░░░░░░░]  42.6% 347136/815274 bytes... 

Writing at 0x000d120a [████████████░░░░░░░░░░░░░░░░░░]  42.7% 348160/815274 bytes... 

Writing at 0x000d1773 [████████████░░░░░░░░░░░░░░░░░░]  42.8% 349184/815274 bytes... 

Writing at 0x000d1cb2 [████████████░░░░░░░░░░░░░░░░░░]  43.0% 350208/815274 bytes... 

Writing at 0x000d220e [████████████░░░░░░░░░░░░░░░░░░]  43.1% 351232/815274 bytes... 

Writing at 0x000d277b [████████████░░░░░░░░░░░░░░░░░░]  43.2% 352256/815274 bytes... 

Writing at 0x000d2d4a [████████████░░░░░░░░░░░░░░░░░░]  43.3% 353280/815274 bytes... 

Writing at 0x000d33d6 [█████████████░░░░░░░░░░░░░░░░░]  43.5% 354304/815274 bytes... 

Writing at 0x000d3a06 [█████████████░░░░░░░░░░░░░░░░░]  43.6% 355328/815274 bytes... 

Writing at 0x000d40ed [█████████████░░░░░░░░░░░░░░░░░]  43.7% 356352/815274 bytes... 

Writing at 0x000d475e [█████████████░░░░░░░░░░░░░░░░░]  43.8% 357376/815274 bytes... 

Writing at 0x000d4d19 [█████████████░░░░░░░░░░░░░░░░░]  44.0% 358400/815274 bytes... 

Writing at 0x000d5316 [█████████████░░░░░░░░░░░░░░░░░]  44.1% 359424/815274 bytes... 

Writing at 0x000d5923 [█████████████░░░░░░░░░░░░░░░░░]  44.2% 360448/815274 bytes... 

Writing at 0x000d5ed4 [█████████████░░░░░░░░░░░░░░░░░]  44.3% 361472/815274 bytes... 

Writing at 0x000d6596 [█████████████░░░░░░░░░░░░░░░░░]  44.5% 362496/815274 bytes... 

Writing at 0x000d6c22 [█████████████░░░░░░░░░░░░░░░░░]  44.6% 363520/815274 bytes... 

Writing at 0x000d72a0 [█████████████░░░░░░░░░░░░░░░░░]  44.7% 364544/815274 bytes... 

Writing at 0x000d795f [█████████████░░░░░░░░░░░░░░░░░]  44.8% 365568/815274 bytes... 

Writing at 0x000d8016 [█████████████░░░░░░░░░░░░░░░░░]  45.0% 366592/815274 bytes... 

Writing at 0x000d8683 [█████████████░░░░░░░░░░░░░░░░░]  45.1% 367616/815274 bytes... 

Writing at 0x000d8c72 [█████████████░░░░░░░░░░░░░░░░░]  45.2% 368640/815274 bytes... 

Writing at 0x000d9383 [█████████████░░░░░░░░░░░░░░░░░]  45.3% 369664/815274 bytes... 

Writing at 0x000d9912 [█████████████░░░░░░░░░░░░░░░░░]  45.5% 370688/815274 bytes... 

Writing at 0x000d9ec1 [█████████████░░░░░░░░░░░░░░░░░]  45.6% 371712/815274 bytes... 

Writing at 0x000da4aa [█████████████░░░░░░░░░░░░░░░░░]  45.7% 372736/815274 bytes... 

Writing at 0x000daac4 [█████████████░░░░░░░░░░░░░░░░░]  45.8% 373760/815274 bytes... 

Writing at 0x000db0fd [█████████████░░░░░░░░░░░░░░░░░]  46.0% 374784/815274 bytes... 

Writing at 0x000db798 [█████████████░░░░░░░░░░░░░░░░░]  46.1% 375808/815274 bytes... 

Writing at 0x000dbeae [█████████████░░░░░░░░░░░░░░░░░]  46.2% 376832/815274 bytes... 

Writing at 0x000dc4a6 [█████████████░░░░░░░░░░░░░░░░░]  46.3% 377856/815274 bytes... 

Writing at 0x000dca7e [█████████████░░░░░░░░░░░░░░░░░]  46.5% 378880/815274 bytes... 

Writing at 0x000dd15f [█████████████░░░░░░░░░░░░░░░░░]  46.6% 379904/815274 bytes... 

Writing at 0x000dd89f [██████████████░░░░░░░░░░░░░░░░]  46.7% 380928/815274 bytes... 

Writing at 0x000ddfcf [██████████████░░░░░░░░░░░░░░░░]  46.8% 381952/815274 bytes... 

Writing at 0x000de6df [██████████████░░░░░░░░░░░░░░░░]  47.0% 382976/815274 bytes... 

Writing at 0x000def3b [██████████████░░░░░░░░░░░░░░░░]  47.1% 384000/815274 bytes... 

Writing at 0x000df613 [██████████████░░░░░░░░░░░░░░░░]  47.2% 385024/815274 bytes... 

Writing at 0x000dfbb6 [██████████████░░░░░░░░░░░░░░░░]  47.4% 386048/815274 bytes... 

Writing at 0x000e025c [██████████████░░░░░░░░░░░░░░░░]  47.5% 387072/815274 bytes... 

Writing at 0x000e0a55 [██████████████░░░░░░░░░░░░░░░░]  47.6% 388096/815274 bytes... 

Writing at 0x000e13df [██████████████░░░░░░░░░░░░░░░░]  47.7% 389120/815274 bytes... 

Writing at 0x000e1b19 [██████████████░░░░░░░░░░░░░░░░]  47.9% 390144/815274 bytes... 

Writing at 0x000e22f4 [██████████████░░░░░░░░░░░░░░░░]  48.0% 391168/815274 bytes... 

Writing at 0x000e2ab2 [██████████████░░░░░░░░░░░░░░░░]  48.1% 392192/815274 bytes... 

Writing at 0x000e30ff [██████████████░░░░░░░░░░░░░░░░]  48.2% 393216/815274 bytes... 

Writing at 0x000e38ce [██████████████░░░░░░░░░░░░░░░░]  48.4% 394240/815274 bytes... 

Writing at 0x000e3f7b [██████████████░░░░░░░░░░░░░░░░]  48.5% 395264/815274 bytes... 

Writing at 0x000e465e [██████████████░░░░░░░░░░░░░░░░]  48.6% 396288/815274 bytes... 

Writing at 0x000e50ad [██████████████░░░░░░░░░░░░░░░░]  48.7% 397312/815274 bytes... 

Writing at 0x000e58a2 [██████████████░░░░░░░░░░░░░░░░]  48.9% 398336/815274 bytes... 

Writing at 0x000e62bb [██████████████░░░░░░░░░░░░░░░░]  49.0% 399360/815274 bytes... 

Writing at 0x000e6ab5 [██████████████░░░░░░░░░░░░░░░░]  49.1% 400384/815274 bytes... 

Writing at 0x000e7058 [██████████████░░░░░░░░░░░░░░░░]  49.2% 401408/815274 bytes... 

Writing at 0x000e7667 [██████████████░░░░░░░░░░░░░░░░]  49.4% 402432/815274 bytes... 

Writing at 0x000e7c85 [██████████████░░░░░░░░░░░░░░░░]  49.5% 403456/815274 bytes... 

Writing at 0x000e8246 [██████████████░░░░░░░░░░░░░░░░]  49.6% 404480/815274 bytes... 

Writing at 0x000e8856 [██████████████░░░░░░░░░░░░░░░░]  49.7% 405504/815274 bytes... 

Writing at 0x000e8ed1 [██████████████░░░░░░░░░░░░░░░░]  49.9% 406528/815274 bytes... 

Writing at 0x000e9667 [██████████████░░░░░░░░░░░░░░░░]  50.0% 407552/815274 bytes... 

Writing at 0x000e9cf7 [███████████████░░░░░░░░░░░░░░░]  50.1% 408576/815274 bytes... 

Writing at 0x000ea29f [███████████████░░░░░░░░░░░░░░░]  50.2% 409600/815274 bytes... 

Writing at 0x000ea8a0 [███████████████░░░░░░░░░░░░░░░]  50.4% 410624/815274 bytes... 

Writing at 0x000eaea5 [███████████████░░░░░░░░░░░░░░░]  50.5% 411648/815274 bytes... 

Writing at 0x000eb4b6 [███████████████░░░░░░░░░░░░░░░]  50.6% 412672/815274 bytes... 

Writing at 0x000eba05 [███████████████░░░░░░░░░░░░░░░]  50.7% 413696/815274 bytes... 

Writing at 0x000ebf74 [███████████████░░░░░░░░░░░░░░░]  50.9% 414720/815274 bytes... 

Writing at 0x000ec524 [███████████████░░░░░░░░░░░░░░░]  51.0% 415744/815274 bytes... 

Writing at 0x000eca42 [███████████████░░░░░░░░░░░░░░░]  51.1% 416768/815274 bytes... 

Writing at 0x000ed0d7 [███████████████░░░░░░░░░░░░░░░]  51.2% 417792/815274 bytes... 

Writing at 0x000ed69f [███████████████░░░░░░░░░░░░░░░]  51.4% 418816/815274 bytes... 

Writing at 0x000edc2a [███████████████░░░░░░░░░░░░░░░]  51.5% 419840/815274 bytes... 

Writing at 0x000ee20d [███████████████░░░░░░░░░░░░░░░]  51.6% 420864/815274 bytes... 

Writing at 0x000ee76f [███████████████░░░░░░░░░░░░░░░]  51.7% 421888/815274 bytes... 

Writing at 0x000eedf9 [███████████████░░░░░░░░░░░░░░░]  51.9% 422912/815274 bytes... 

Writing at 0x000ef84f [███████████████░░░░░░░░░░░░░░░]  52.0% 423936/815274 bytes... 

Writing at 0x000f001d [███████████████░░░░░░░░░░░░░░░]  52.1% 424960/815274 bytes... 

Writing at 0x000f0621 [███████████████░░░░░░░░░░░░░░░]  52.3% 425984/815274 bytes... 

Writing at 0x000f0c59 [███████████████░░░░░░░░░░░░░░░]  52.4% 427008/815274 bytes... 

Writing at 0x000f12bf [███████████████░░░░░░░░░░░░░░░]  52.5% 428032/815274 bytes... 

Writing at 0x000f17ff [███████████████░░░░░░░░░░░░░░░]  52.6% 429056/815274 bytes... 

Writing at 0x000f1eed [███████████████░░░░░░░░░░░░░░░]  52.8% 430080/815274 bytes... 

Writing at 0x000f27d4 [███████████████░░░░░░░░░░░░░░░]  52.9% 431104/815274 bytes... 

Writing at 0x000f2eda [███████████████░░░░░░░░░░░░░░░]  53.0% 432128/815274 bytes... 

Writing at 0x000f35be [███████████████░░░░░░░░░░░░░░░]  53.1% 433152/815274 bytes... 

Writing at 0x000f3ce2 [███████████████░░░░░░░░░░░░░░░]  53.3% 434176/815274 bytes... 

Writing at 0x000f43a7 [████████████████░░░░░░░░░░░░░░]  53.4% 435200/815274 bytes... 

Writing at 0x000f4a64 [████████████████░░░░░░░░░░░░░░]  53.5% 436224/815274 bytes... 

Writing at 0x000f4fdc [████████████████░░░░░░░░░░░░░░]  53.6% 437248/815274 bytes... 

Writing at 0x000f5600 [████████████████░░░░░░░░░░░░░░]  53.8% 438272/815274 bytes... 

Writing at 0x000f5c8a [████████████████░░░░░░░░░░░░░░]  53.9% 439296/815274 bytes... 

Writing at 0x000f62a6 [████████████████░░░░░░░░░░░░░░]  54.0% 440320/815274 bytes... 

Writing at 0x000f6811 [████████████████░░░░░░░░░░░░░░]  54.1% 441344/815274 bytes... 

Writing at 0x000f6ffe [████████████████░░░░░░░░░░░░░░]  54.3% 442368/815274 bytes... 

Writing at 0x000f7892 [████████████████░░░░░░░░░░░░░░]  54.4% 443392/815274 bytes... 

Writing at 0x000f7e48 [████████████████░░░░░░░░░░░░░░]  54.5% 444416/815274 bytes... 

Writing at 0x000f83dc [████████████████░░░░░░░░░░░░░░]  54.6% 445440/815274 bytes... 

Writing at 0x000f8980 [████████████████░░░░░░░░░░░░░░]  54.8% 446464/815274 bytes... 

Writing at 0x000f8f27 [████████████████░░░░░░░░░░░░░░]  54.9% 447488/815274 bytes... 

Writing at 0x000f949b [████████████████░░░░░░░░░░░░░░]  55.0% 448512/815274 bytes... 

Writing at 0x000f99d8 [████████████████░░░░░░░░░░░░░░]  55.1% 449536/815274 bytes... 

Writing at 0x000f9fcc [████████████████░░░░░░░░░░░░░░]  55.3% 450560/815274 bytes... 

Writing at 0x000fa5a6 [████████████████░░░░░░░░░░░░░░]  55.4% 451584/815274 bytes... 

Writing at 0x000faaec [████████████████░░░░░░░░░░░░░░]  55.5% 452608/815274 bytes... 

Writing at 0x000fafb0 [████████████████░░░░░░░░░░░░░░]  55.6% 453632/815274 bytes... 

Writing at 0x000fb51f [████████████████░░░░░░░░░░░░░░]  55.8% 454656/815274 bytes... 

Writing at 0x000fbb75 [████████████████░░░░░░░░░░░░░░]  55.9% 455680/815274 bytes... 

Writing at 0x000fc139 [████████████████░░░░░░░░░░░░░░]  56.0% 456704/815274 bytes... 

Writing at 0x000fc75a [████████████████░░░░░░░░░░░░░░]  56.1% 457728/815274 bytes... 

Writing at 0x000fcd63 [████████████████░░░░░░░░░░░░░░]  56.3% 458752/815274 bytes... 

Writing at 0x000fd369 [████████████████░░░░░░░░░░░░░░]  56.4% 459776/815274 bytes... 

Writing at 0x000fd8f0 [████████████████░░░░░░░░░░░░░░]  56.5% 460800/815274 bytes... 

Writing at 0x000fdf55 [████████████████░░░░░░░░░░░░░░]  56.6% 461824/815274 bytes... 

Writing at 0x000fe573 [█████████████████░░░░░░░░░░░░░]  56.8% 462848/815274 bytes... 

Writing at 0x000feb0d [█████████████████░░░░░░░░░░░░░]  56.9% 463872/815274 bytes... 

Writing at 0x000ff0ba [█████████████████░░░░░░░░░░░░░]  57.0% 464896/815274 bytes... 

Writing at 0x000ff6d0 [█████████████████░░░░░░░░░░░░░]  57.1% 465920/815274 bytes... 

Writing at 0x000ffcf2 [█████████████████░░░░░░░░░░░░░]  57.3% 466944/815274 bytes... 

Writing at 0x0010039b [█████████████████░░░░░░░░░░░░░]  57.4% 467968/815274 bytes... 

Writing at 0x001008c6 [█████████████████░░░░░░░░░░░░░]  57.5% 468992/815274 bytes... 

Writing at 0x00100e82 [█████████████████░░░░░░░░░░░░░]  57.7% 470016/815274 bytes... 

Writing at 0x0010149e [█████████████████░░░░░░░░░░░░░]  57.8% 471040/815274 bytes... 

Writing at 0x00101ab7 [█████████████████░░░░░░░░░░░░░]  57.9% 472064/815274 bytes... 

Writing at 0x00102149 [█████████████████░░░░░░░░░░░░░]  58.0% 473088/815274 bytes... 

Writing at 0x001027cc [█████████████████░░░░░░░░░░░░░]  58.2% 474112/815274 bytes... 

Writing at 0x00102d93 [█████████████████░░░░░░░░░░░░░]  58.3% 475136/815274 bytes... 

Writing at 0x00103323 [█████████████████░░░░░░░░░░░░░]  58.4% 476160/815274 bytes... 

Writing at 0x001039e6 [█████████████████░░░░░░░░░░░░░]  58.5% 477184/815274 bytes... 

Writing at 0x0010404b [█████████████████░░░░░░░░░░░░░]  58.7% 478208/815274 bytes... 

Writing at 0x001046c9 [█████████████████░░░░░░░░░░░░░]  58.8% 479232/815274 bytes... 

Writing at 0x00104cd4 [█████████████████░░░░░░░░░░░░░]  58.9% 480256/815274 bytes... 

Writing at 0x0010531f [█████████████████░░░░░░░░░░░░░]  59.0% 481280/815274 bytes... 

Writing at 0x001058dc [█████████████████░░░░░░░░░░░░░]  59.2% 482304/815274 bytes... 

Writing at 0x00105eab [█████████████████░░░░░░░░░░░░░]  59.3% 483328/815274 bytes... 

Writing at 0x001064f8 [█████████████████░░░░░░░░░░░░░]  59.4% 484352/815274 bytes... 

Writing at 0x00106aac [█████████████████░░░░░░░░░░░░░]  59.5% 485376/815274 bytes... 

Writing at 0x00107038 [█████████████████░░░░░░░░░░░░░]  59.7% 486400/815274 bytes... 

Writing at 0x001075a6 [█████████████████░░░░░░░░░░░░░]  59.8% 487424/815274 bytes... 

Writing at 0x00107d1e [█████████████████░░░░░░░░░░░░░]  59.9% 488448/815274 bytes... 

Writing at 0x00108243 [██████████████████░░░░░░░░░░░░]  60.0% 489472/815274 bytes... 

Writing at 0x00108898 [██████████████████░░░░░░░░░░░░]  60.2% 490496/815274 bytes... 

Writing at 0x00108e08 [██████████████████░░░░░░░░░░░░]  60.3% 491520/815274 bytes... 

Writing at 0x001093ad [██████████████████░░░░░░░░░░░░]  60.4% 492544/815274 bytes... 

Writing at 0x00109848 [██████████████████░░░░░░░░░░░░]  60.5% 493568/815274 bytes... 

Writing at 0x00109e2f [██████████████████░░░░░░░░░░░░]  60.7% 494592/815274 bytes... 

Writing at 0x0010a4ef [██████████████████░░░░░░░░░░░░]  60.8% 495616/815274 bytes... 

Writing at 0x0010ac32 [██████████████████░░░░░░░░░░░░]  60.9% 496640/815274 bytes... 

Writing at 0x0010b1a6 [██████████████████░░░░░░░░░░░░]  61.0% 497664/815274 bytes... 

Writing at 0x0010b76f [██████████████████░░░░░░░░░░░░]  61.2% 498688/815274 bytes... 

Writing at 0x0010bd1e [██████████████████░░░░░░░░░░░░]  61.3% 499712/815274 bytes... 

Writing at 0x0010c299 [██████████████████░░░░░░░░░░░░]  61.4% 500736/815274 bytes... 

Writing at 0x0010c82b [██████████████████░░░░░░░░░░░░]  61.5% 501760/815274 bytes... 

Writing at 0x0010ce1e [██████████████████░░░░░░░░░░░░]  61.7% 502784/815274 bytes... 

Writing at 0x0010d407 [██████████████████░░░░░░░░░░░░]  61.8% 503808/815274 bytes... 

Writing at 0x0010da28 [██████████████████░░░░░░░░░░░░]  61.9% 504832/815274 bytes... 

Writing at 0x0010dfb3 [██████████████████░░░░░░░░░░░░]  62.0% 505856/815274 bytes... 

Writing at 0x0010e652 [██████████████████░░░░░░░░░░░░]  62.2% 506880/815274 bytes... 

Writing at 0x0010ec5a [██████████████████░░░░░░░░░░░░]  62.3% 507904/815274 bytes... 

Writing at 0x0010f257 [██████████████████░░░░░░░░░░░░]  62.4% 508928/815274 bytes... 

Writing at 0x0010f8ac [██████████████████░░░░░░░░░░░░]  62.5% 509952/815274 bytes... 

Writing at 0x0010ff26 [██████████████████░░░░░░░░░░░░]  62.7% 510976/815274 bytes... 

Writing at 0x00110502 [██████████████████░░░░░░░░░░░░]  62.8% 512000/815274 bytes... 

Writing at 0x00110a4b [██████████████████░░░░░░░░░░░░]  62.9% 513024/815274 bytes... 

Writing at 0x0011101a [██████████████████░░░░░░░░░░░░]  63.1% 514048/815274 bytes... 

Writing at 0x0011171c [██████████████████░░░░░░░░░░░░]  63.2% 515072/815274 bytes... 

Writing at 0x00111d4e [██████████████████░░░░░░░░░░░░]  63.3% 516096/815274 bytes... 

Writing at 0x001122ec [███████████████████░░░░░░░░░░░]  63.4% 517120/815274 bytes... 

Writing at 0x001128d2 [███████████████████░░░░░░░░░░░]  63.6% 518144/815274 bytes... 

Writing at 0x00112e82 [███████████████████░░░░░░░░░░░]  63.7% 519168/815274 bytes... 

Writing at 0x00113422 [███████████████████░░░░░░░░░░░]  63.8% 520192/815274 bytes... 

Writing at 0x001139c1 [███████████████████░░░░░░░░░░░]  63.9% 521216/815274 bytes... 

Writing at 0x00114038 [███████████████████░░░░░░░░░░░]  64.1% 522240/815274 bytes... 

Writing at 0x00114610 [███████████████████░░░░░░░░░░░]  64.2% 523264/815274 bytes... 

Writing at 0x00114c24 [███████████████████░░░░░░░░░░░]  64.3% 524288/815274 bytes... 

Writing at 0x001152b6 [███████████████████░░░░░░░░░░░]  64.4% 525312/815274 bytes... 

Writing at 0x00115926 [███████████████████░░░░░░░░░░░]  64.6% 526336/815274 bytes... 

Writing at 0x00115fca [███████████████████░░░░░░░░░░░]  64.7% 527360/815274 bytes... 

Writing at 0x00116597 [███████████████████░░░░░░░░░░░]  64.8% 528384/815274 bytes... 

Writing at 0x00116c59 [███████████████████░░░░░░░░░░░]  64.9% 529408/815274 bytes... 

Writing at 0x001171a3 [███████████████████░░░░░░░░░░░]  65.1% 530432/815274 bytes... 

Writing at 0x001176e1 [███████████████████░░░░░░░░░░░]  65.2% 531456/815274 bytes... 

Writing at 0x00117cc9 [███████████████████░░░░░░░░░░░]  65.3% 532480/815274 bytes... 

Writing at 0x001181fa [███████████████████░░░░░░░░░░░]  65.4% 533504/815274 bytes... 

Writing at 0x001187a3 [███████████████████░░░░░░░░░░░]  65.6% 534528/815274 bytes... 

Writing at 0x00118e78 [███████████████████░░░░░░░░░░░]  65.7% 535552/815274 bytes... 

Writing at 0x001195da [███████████████████░░░░░░░░░░░]  65.8% 536576/815274 bytes... 

Writing at 0x00119c7a [███████████████████░░░░░░░░░░░]  65.9% 537600/815274 bytes... 

Writing at 0x0011a2c3 [███████████████████░░░░░░░░░░░]  66.1% 538624/815274 bytes... 

Writing at 0x0011a919 [███████████████████░░░░░░░░░░░]  66.2% 539648/815274 bytes... 

Writing at 0x0011afef [███████████████████░░░░░░░░░░░]  66.3% 540672/815274 bytes... 

Writing at 0x0011b71f [███████████████████░░░░░░░░░░░]  66.4% 541696/815274 bytes... 

Writing at 0x0011bd9c [███████████████████░░░░░░░░░░░]  66.6% 542720/815274 bytes... 

Writing at 0x0011c447 [████████████████████░░░░░░░░░░]  66.7% 543744/815274 bytes... 

Writing at 0x0011cb56 [████████████████████░░░░░░░░░░]  66.8% 544768/815274 bytes... 

Writing at 0x0011d2a0 [████████████████████░░░░░░░░░░]  66.9% 545792/815274 bytes... 

Writing at 0x0011d826 [████████████████████░░░░░░░░░░]  67.1% 546816/815274 bytes... 

Writing at 0x0011de77 [████████████████████░░░░░░░░░░]  67.2% 547840/815274 bytes... 

Writing at 0x0011e5eb [████████████████████░░░░░░░░░░]  67.3% 548864/815274 bytes... 

Writing at 0x0011eb39 [████████████████████░░░░░░░░░░]  67.4% 549888/815274 bytes... 

Writing at 0x0011f099 [████████████████████░░░░░░░░░░]  67.6% 550912/815274 bytes... 

Writing at 0x0011f5d2 [████████████████████░░░░░░░░░░]  67.7% 551936/815274 bytes... 

Writing at 0x0011fa8e [████████████████████░░░░░░░░░░]  67.8% 552960/815274 bytes... 

Writing at 0x00120144 [████████████████████░░░░░░░░░░]  68.0% 553984/815274 bytes... 

Writing at 0x00120796 [████████████████████░░░░░░░░░░]  68.1% 555008/815274 bytes... 

Writing at 0x00120d4a [████████████████████░░░░░░░░░░]  68.2% 556032/815274 bytes... 

Writing at 0x00121276 [████████████████████░░░░░░░░░░]  68.3% 557056/815274 bytes... 

Writing at 0x00121838 [████████████████████░░░░░░░░░░]  68.5% 558080/815274 bytes... 

Writing at 0x00121e03 [████████████████████░░░░░░░░░░]  68.6% 559104/815274 bytes... 

Writing at 0x001224b5 [████████████████████░░░░░░░░░░]  68.7% 560128/815274 bytes... 

Writing at 0x00122afd [████████████████████░░░░░░░░░░]  68.8% 561152/815274 bytes... 

Writing at 0x001231e8 [████████████████████░░░░░░░░░░]  69.0% 562176/815274 bytes... 

Writing at 0x001238d6 [████████████████████░░░░░░░░░░]  69.1% 563200/815274 bytes... 

Writing at 0x00123f91 [████████████████████░░░░░░░░░░]  69.2% 564224/815274 bytes... 

Writing at 0x001246c6 [████████████████████░░░░░░░░░░]  69.3% 565248/815274 bytes... 

Writing at 0x00124d84 [████████████████████░░░░░░░░░░]  69.5% 566272/815274 bytes... 

Writing at 0x001254e4 [████████████████████░░░░░░░░░░]  69.6% 567296/815274 bytes... 

Writing at 0x00125c71 [████████████████████░░░░░░░░░░]  69.7% 568320/815274 bytes... 

Writing at 0x00126324 [████████████████████░░░░░░░░░░]  69.8% 569344/815274 bytes... 

Writing at 0x001268e2 [████████████████████░░░░░░░░░░]  70.0% 570368/815274 bytes... 

Writing at 0x00126eba [█████████████████████░░░░░░░░░]  70.1% 571392/815274 bytes... 

Writing at 0x00127559 [█████████████████████░░░░░░░░░]  70.2% 572416/815274 bytes... 

Writing at 0x00127aa2 [█████████████████████░░░░░░░░░]  70.3% 573440/815274 bytes... 

Writing at 0x0012818c [█████████████████████░░░░░░░░░]  70.5% 574464/815274 bytes... 

Writing at 0x00128765 [█████████████████████░░░░░░░░░]  70.6% 575488/815274 bytes... 

Writing at 0x00128ddb [█████████████████████░░░░░░░░░]  70.7% 576512/815274 bytes... 

Writing at 0x00129409 [█████████████████████░░░░░░░░░]  70.8% 577536/815274 bytes... 

Writing at 0x00129bb6 [█████████████████████░░░░░░░░░]  71.0% 578560/815274 bytes... 

Writing at 0x0012a39e [█████████████████████░░░░░░░░░]  71.1% 579584/815274 bytes... 

Writing at 0x0012aade [█████████████████████░░░░░░░░░]  71.2% 580608/815274 bytes... 

Writing at 0x0012b20a [█████████████████████░░░░░░░░░]  71.3% 581632/815274 bytes... 

Writing at 0x0012b98f [█████████████████████░░░░░░░░░]  71.5% 582656/815274 bytes... 

Writing at 0x0012c026 [█████████████████████░░░░░░░░░]  71.6% 583680/815274 bytes... 

Writing at 0x0012c703 [█████████████████████░░░░░░░░░]  71.7% 584704/815274 bytes... 

Writing at 0x0012cfe8 [█████████████████████░░░░░░░░░]  71.8% 585728/815274 bytes... 

Writing at 0x0012d821 [█████████████████████░░░░░░░░░]  72.0% 586752/815274 bytes... 

Writing at 0x0012de93 [█████████████████████░░░░░░░░░]  72.1% 587776/815274 bytes... 

Writing at 0x0012e5ac [█████████████████████░░░░░░░░░]  72.2% 588800/815274 bytes... 

Writing at 0x0012ec10 [█████████████████████░░░░░░░░░]  72.3% 589824/815274 bytes... 

Writing at 0x0012f323 [█████████████████████░░░░░░░░░]  72.5% 590848/815274 bytes... 

Writing at 0x0012f981 [█████████████████████░░░░░░░░░]  72.6% 591872/815274 bytes... 

Writing at 0x0012ff4b [█████████████████████░░░░░░░░░]  72.7% 592896/815274 bytes... 

Writing at 0x00130555 [█████████████████████░░░░░░░░░]  72.8% 593920/815274 bytes... 

Writing at 0x00130cbd [█████████████████████░░░░░░░░░]  73.0% 594944/815274 bytes... 

Writing at 0x001314f2 [█████████████████████░░░░░░░░░]  73.1% 595968/815274 bytes... 

Writing at 0x00131c7a [█████████████████████░░░░░░░░░]  73.2% 596992/815274 bytes... 

Writing at 0x001323c1 [██████████████████████░░░░░░░░]  73.4% 598016/815274 bytes... 

Writing at 0x00132b49 [██████████████████████░░░░░░░░]  73.5% 599040/815274 bytes... 

Writing at 0x001332e5 [██████████████████████░░░░░░░░]  73.6% 600064/815274 bytes... 

Writing at 0x00133abb [██████████████████████░░░░░░░░]  73.7% 601088/815274 bytes... 

Writing at 0x00134336 [██████████████████████░░░░░░░░]  73.9% 602112/815274 bytes... 

Writing at 0x00134e64 [██████████████████████░░░░░░░░]  74.0% 603136/815274 bytes... 

Writing at 0x001359fa [██████████████████████░░░░░░░░]  74.1% 604160/815274 bytes... 

Writing at 0x001362fb [██████████████████████░░░░░░░░]  74.2% 605184/815274 bytes... 

Writing at 0x00136d63 [██████████████████████░░░░░░░░]  74.4% 606208/815274 bytes... 

Writing at 0x00137794 [██████████████████████░░░░░░░░]  74.5% 607232/815274 bytes... 

Writing at 0x00138059 [██████████████████████░░░░░░░░]  74.6% 608256/815274 bytes... 

Writing at 0x00138cc1 [██████████████████████░░░░░░░░]  74.7% 609280/815274 bytes... 

Writing at 0x001392f1 [██████████████████████░░░░░░░░]  74.9% 610304/815274 bytes... 

Writing at 0x001397d8 [██████████████████████░░░░░░░░]  75.0% 611328/815274 bytes... 

Writing at 0x00139d3d [██████████████████████░░░░░░░░]  75.1% 612352/815274 bytes... 

Writing at 0x0013a2c6 [██████████████████████░░░░░░░░]  75.2% 613376/815274 bytes... 

Writing at 0x0013a766 [██████████████████████░░░░░░░░]  75.4% 614400/815274 bytes... 

Writing at 0x0013abcc [██████████████████████░░░░░░░░]  75.5% 615424/815274 bytes... 

Writing at 0x0013ba76 [██████████████████████░░░░░░░░]  75.6% 616448/815274 bytes... 

Writing at 0x0013cc19 [██████████████████████░░░░░░░░]  75.7% 617472/815274 bytes... 

Writing at 0x0013d2ec [██████████████████████░░░░░░░░]  75.9% 618496/815274 bytes... 

Writing at 0x0013d964 [██████████████████████░░░░░░░░]  76.0% 619520/815274 bytes... 

Writing at 0x0013dfab [██████████████████████░░░░░░░░]  76.1% 620544/815274 bytes... 

Writing at 0x0013e664 [██████████████████████░░░░░░░░]  76.2% 621568/815274 bytes... 

Writing at 0x0013eccd [██████████████████████░░░░░░░░]  76.4% 622592/815274 bytes... 

Writing at 0x0013f2ee [██████████████████████░░░░░░░░]  76.5% 623616/815274 bytes... 

Writing at 0x0013f7dc [██████████████████████░░░░░░░░]  76.6% 624640/815274 bytes... 

Writing at 0x0013fd74 [███████████████████████░░░░░░░]  76.7% 625664/815274 bytes... 

Writing at 0x0014030e [███████████████████████░░░░░░░]  76.9% 626688/815274 bytes... 

Writing at 0x00140a09 [███████████████████████░░░░░░░]  77.0% 627712/815274 bytes... 

Writing at 0x00140fc3 [███████████████████████░░░░░░░]  77.1% 628736/815274 bytes... 

Writing at 0x001414d1 [███████████████████████░░░░░░░]  77.2% 629760/815274 bytes... 

Writing at 0x00141a6c [███████████████████████░░░░░░░]  77.4% 630784/815274 bytes... 

Writing at 0x00141fc1 [███████████████████████░░░░░░░]  77.5% 631808/815274 bytes... 

Writing at 0x00142640 [███████████████████████░░░░░░░]  77.6% 632832/815274 bytes... 

Writing at 0x00142c52 [███████████████████████░░░░░░░]  77.7% 633856/815274 bytes... 

Writing at 0x00143215 [███████████████████████░░░░░░░]  77.9% 634880/815274 bytes... 

Writing at 0x0014380a [███████████████████████░░░░░░░]  78.0% 635904/815274 bytes... 

Writing at 0x00143f11 [███████████████████████░░░░░░░]  78.1% 636928/815274 bytes... 

Writing at 0x001446ae [███████████████████████░░░░░░░]  78.3% 637952/815274 bytes... 

Writing at 0x00144ca7 [███████████████████████░░░░░░░]  78.4% 638976/815274 bytes... 

Writing at 0x00145396 [███████████████████████░░░░░░░]  78.5% 640000/815274 bytes... 

Writing at 0x0014595c [███████████████████████░░░░░░░]  78.6% 641024/815274 bytes... 

Writing at 0x00146087 [███████████████████████░░░░░░░]  78.8% 642048/815274 bytes... 

Writing at 0x00146758 [███████████████████████░░░░░░░]  78.9% 643072/815274 bytes... 

Writing at 0x00146e60 [███████████████████████░░░░░░░]  79.0% 644096/815274 bytes... 

Writing at 0x00147754 [███████████████████████░░░░░░░]  79.1% 645120/815274 bytes... 

Writing at 0x00147d23 [███████████████████████░░░░░░░]  79.3% 646144/815274 bytes... 

Writing at 0x001482e6 [███████████████████████░░░░░░░]  79.4% 647168/815274 bytes... 

Writing at 0x001488a6 [███████████████████████░░░░░░░]  79.5% 648192/815274 bytes... 

Writing at 0x00148e09 [███████████████████████░░░░░░░]  79.6% 649216/815274 bytes... 

Writing at 0x001493cd [███████████████████████░░░░░░░]  79.8% 650240/815274 bytes... 

Writing at 0x0014994d [███████████████████████░░░░░░░]  79.9% 651264/815274 bytes... 

Writing at 0x0014a0a2 [████████████████████████░░░░░░]  80.0% 652288/815274 bytes... 

Writing at 0x0014a6fa [████████████████████████░░░░░░]  80.1% 653312/815274 bytes... 

Writing at 0x0014acdc [████████████████████████░░░░░░]  80.3% 654336/815274 bytes... 

Writing at 0x0014b1f6 [████████████████████████░░░░░░]  80.4% 655360/815274 bytes... 

Writing at 0x0014b7ce [████████████████████████░░░░░░]  80.5% 656384/815274 bytes... 

Writing at 0x0014bcd8 [████████████████████████░░░░░░]  80.6% 657408/815274 bytes... 

Writing at 0x0014c2cf [████████████████████████░░░░░░]  80.8% 658432/815274 bytes... 

Writing at 0x0014c837 [████████████████████████░░░░░░]  80.9% 659456/815274 bytes... 

Writing at 0x0014ce4b [████████████████████████░░░░░░]  81.0% 660480/815274 bytes... 

Writing at 0x0014d40e [████████████████████████░░░░░░]  81.1% 661504/815274 bytes... 

Writing at 0x0014da36 [████████████████████████░░░░░░]  81.3% 662528/815274 bytes... 

Writing at 0x0014e04d [████████████████████████░░░░░░]  81.4% 663552/815274 bytes... 

Writing at 0x0014e5e7 [████████████████████████░░░░░░]  81.5% 664576/815274 bytes... 

Writing at 0x0014ed51 [████████████████████████░░░░░░]  81.6% 665600/815274 bytes... 

Writing at 0x0014f335 [████████████████████████░░░░░░]  81.8% 666624/815274 bytes... 

Writing at 0x0014f933 [████████████████████████░░░░░░]  81.9% 667648/815274 bytes... 

Writing at 0x0014fffc [████████████████████████░░░░░░]  82.0% 668672/815274 bytes... 

Writing at 0x0015061b [████████████████████████░░░░░░]  82.1% 669696/815274 bytes... 

Writing at 0x00150d31 [████████████████████████░░░░░░]  82.3% 670720/815274 bytes... 

Writing at 0x0015148d [████████████████████████░░░░░░]  82.4% 671744/815274 bytes... 

Writing at 0x00151c60 [████████████████████████░░░░░░]  82.5% 672768/815274 bytes... 

Writing at 0x001523bc [████████████████████████░░░░░░]  82.6% 673792/815274 bytes... 

Writing at 0x0015295d [████████████████████████░░░░░░]  82.8% 674816/815274 bytes... 

Writing at 0x00152e2a [████████████████████████░░░░░░]  82.9% 675840/815274 bytes... 

Writing at 0x0015345c [████████████████████████░░░░░░]  83.0% 676864/815274 bytes... 

Writing at 0x00153a95 [████████████████████████░░░░░░]  83.1% 677888/815274 bytes... 

Writing at 0x00153fda [████████████████████████░░░░░░]  83.3% 678912/815274 bytes... 

Writing at 0x00154684 [█████████████████████████░░░░░]  83.4% 679936/815274 bytes... 

Writing at 0x00154c85 [█████████████████████████░░░░░]  83.5% 680960/815274 bytes... 

Writing at 0x00155211 [█████████████████████████░░░░░]  83.7% 681984/815274 bytes... 

Writing at 0x00155794 [█████████████████████████░░░░░]  83.8% 683008/815274 bytes... 

Writing at 0x00155d0b [█████████████████████████░░░░░]  83.9% 684032/815274 bytes... 

Writing at 0x0015629c [█████████████████████████░░░░░]  84.0% 685056/815274 bytes... 

Writing at 0x00156902 [█████████████████████████░░░░░]  84.2% 686080/815274 bytes... 

Writing at 0x00156e71 [█████████████████████████░░░░░]  84.3% 687104/815274 bytes... 

Writing at 0x00157453 [█████████████████████████░░░░░]  84.4% 688128/815274 bytes... 

Writing at 0x00157a7c [█████████████████████████░░░░░]  84.5% 689152/815274 bytes... 

Writing at 0x001580c4 [█████████████████████████░░░░░]  84.7% 690176/815274 bytes... 

Writing at 0x00158691 [█████████████████████████░░░░░]  84.8% 691200/815274 bytes... 

Writing at 0x00158be9 [█████████████████████████░░░░░]  84.9% 692224/815274 bytes... 

Writing at 0x0015911a [█████████████████████████░░░░░]  85.0% 693248/815274 bytes... 

Writing at 0x0015963b [█████████████████████████░░░░░]  85.2% 694272/815274 bytes... 

Writing at 0x00159b9c [█████████████████████████░░░░░]  85.3% 695296/815274 bytes... 

Writing at 0x0015a23d [█████████████████████████░░░░░]  85.4% 696320/815274 bytes... 

Writing at 0x0015a7f2 [█████████████████████████░░░░░]  85.5% 697344/815274 bytes... 

Writing at 0x0015adce [█████████████████████████░░░░░]  85.7% 698368/815274 bytes... 

Writing at 0x0015b417 [█████████████████████████░░░░░]  85.8% 699392/815274 bytes... 

Writing at 0x0015b9e3 [█████████████████████████░░░░░]  85.9% 700416/815274 bytes... 

Writing at 0x0015c06b [█████████████████████████░░░░░]  86.0% 701440/815274 bytes... 

Writing at 0x0015c656 [█████████████████████████░░░░░]  86.2% 702464/815274 bytes... 

Writing at 0x0015cc33 [█████████████████████████░░░░░]  86.3% 703488/815274 bytes... 

Writing at 0x0015d1a2 [█████████████████████████░░░░░]  86.4% 704512/815274 bytes... 

Writing at 0x0015d748 [█████████████████████████░░░░░]  86.5% 705536/815274 bytes... 

Writing at 0x0015dc91 [█████████████████████████░░░░░]  86.7% 706560/815274 bytes... 

Writing at 0x0015e367 [██████████████████████████░░░░]  86.8% 707584/815274 bytes... 

Writing at 0x0015e8e0 [██████████████████████████░░░░]  86.9% 708608/815274 bytes... 

Writing at 0x0015ee9f [██████████████████████████░░░░]  87.0% 709632/815274 bytes... 

Writing at 0x0015f470 [██████████████████████████░░░░]  87.2% 710656/815274 bytes... 

Writing at 0x0015fa62 [██████████████████████████░░░░]  87.3% 711680/815274 bytes... 

Writing at 0x00160094 [██████████████████████████░░░░]  87.4% 712704/815274 bytes... 

Writing at 0x001606d8 [██████████████████████████░░░░]  87.5% 713728/815274 bytes... 

Writing at 0x00160c28 [██████████████████████████░░░░]  87.7% 714752/815274 bytes... 

Writing at 0x0016115e [██████████████████████████░░░░]  87.8% 715776/815274 bytes... 

Writing at 0x001616e6 [██████████████████████████░░░░]  87.9% 716800/815274 bytes... 

Writing at 0x00161c2c [██████████████████████████░░░░]  88.0% 717824/815274 bytes... 

Writing at 0x00162190 [██████████████████████████░░░░]  88.2% 718848/815274 bytes... 

Writing at 0x0016284d [██████████████████████████░░░░]  88.3% 719872/815274 bytes... 

Writing at 0x00162db2 [██████████████████████████░░░░]  88.4% 720896/815274 bytes... 

Writing at 0x00163426 [██████████████████████████░░░░]  88.5% 721920/815274 bytes... 

Writing at 0x00163c03 [██████████████████████████░░░░]  88.7% 722944/815274 bytes... 

Writing at 0x00164140 [██████████████████████████░░░░]  88.8% 723968/815274 bytes... 

Writing at 0x001646ac [██████████████████████████░░░░]  88.9% 724992/815274 bytes... 

Writing at 0x00164ef2 [██████████████████████████░░░░]  89.1% 726016/815274 bytes... 

Writing at 0x0016552e [██████████████████████████░░░░]  89.2% 727040/815274 bytes... 

Writing at 0x00165ac6 [██████████████████████████░░░░]  89.3% 728064/815274 bytes... 

Writing at 0x00165fca [██████████████████████████░░░░]  89.4% 729088/815274 bytes... 

Writing at 0x00166602 [██████████████████████████░░░░]  89.6% 730112/815274 bytes... 

Writing at 0x00166b6e [██████████████████████████░░░░]  89.7% 731136/815274 bytes... 

Writing at 0x00167340 [██████████████████████████░░░░]  89.8% 732160/815274 bytes... 

Writing at 0x00167c8d [██████████████████████████░░░░]  89.9% 733184/815274 bytes... 

Writing at 0x001681ff [███████████████████████████░░░]  90.1% 734208/815274 bytes... 

Writing at 0x001687e4 [███████████████████████████░░░]  90.2% 735232/815274 bytes... 

Writing at 0x00168e7c [███████████████████████████░░░]  90.3% 736256/815274 bytes... 

Writing at 0x0016950c [███████████████████████████░░░]  90.4% 737280/815274 bytes... 

Writing at 0x00169b9d [███████████████████████████░░░]  90.6% 738304/815274 bytes... 

Writing at 0x0016a196 [███████████████████████████░░░]  90.7% 739328/815274 bytes... 

Writing at 0x0016a6be [███████████████████████████░░░]  90.8% 740352/815274 bytes... 

Writing at 0x0016ac07 [███████████████████████████░░░]  90.9% 741376/815274 bytes... 

Writing at 0x0016b1a7 [███████████████████████████░░░]  91.1% 742400/815274 bytes... 

Writing at 0x0016b706 [███████████████████████████░░░]  91.2% 743424/815274 bytes... 

Writing at 0x0016c876 [███████████████████████████░░░]  91.3% 744448/815274 bytes... 

Writing at 0x0016dbc6 [███████████████████████████░░░]  91.4% 745472/815274 bytes... 

Writing at 0x0016e39e [███████████████████████████░░░]  91.6% 746496/815274 bytes... 

Writing at 0x0016e9c9 [███████████████████████████░░░]  91.7% 747520/815274 bytes... 

Writing at 0x0016f038 [███████████████████████████░░░]  91.8% 748544/815274 bytes... 

Writing at 0x0016f6ec [███████████████████████████░░░]  91.9% 749568/815274 bytes... 

Writing at 0x0016fe6e [███████████████████████████░░░]  92.1% 750592/815274 bytes... 

Writing at 0x001705e3 [███████████████████████████░░░]  92.2% 751616/815274 bytes... 

Writing at 0x00170bec [███████████████████████████░░░]  92.3% 752640/815274 bytes... 

Writing at 0x00171280 [███████████████████████████░░░]  92.4% 753664/815274 bytes... 

Writing at 0x0017188c [███████████████████████████░░░]  92.6% 754688/815274 bytes... 

Writing at 0x00171e88 [███████████████████████████░░░]  92.7% 755712/815274 bytes... 

Writing at 0x0017247f [███████████████████████████░░░]  92.8% 756736/815274 bytes... 

Writing at 0x00172bc8 [███████████████████████████░░░]  92.9% 757760/815274 bytes... 

Writing at 0x00173265 [███████████████████████████░░░]  93.1% 758784/815274 bytes... 

Writing at 0x0017385e [███████████████████████████░░░]  93.2% 759808/815274 bytes... 

Writing at 0x00173ee0 [███████████████████████████░░░]  93.3% 760832/815274 bytes... 

Writing at 0x00174650 [████████████████████████████░░]  93.4% 761856/815274 bytes... 

Writing at 0x00174bbb [████████████████████████████░░]  93.6% 762880/815274 bytes... 

Writing at 0x00175226 [████████████████████████████░░]  93.7% 763904/815274 bytes... 

Writing at 0x0017590c [████████████████████████████░░]  93.8% 764928/815274 bytes... 

Writing at 0x00175f02 [████████████████████████████░░]  94.0% 765952/815274 bytes... 

Writing at 0x001764ac [████████████████████████████░░]  94.1% 766976/815274 bytes... 

Writing at 0x00176c2d [████████████████████████████░░]  94.2% 768000/815274 bytes... 

Writing at 0x00177212 [████████████████████████████░░]  94.3% 769024/815274 bytes... 

Writing at 0x001777a8 [████████████████████████████░░]  94.5% 770048/815274 bytes... 

Writing at 0x00177cfc [████████████████████████████░░]  94.6% 771072/815274 bytes... 

Writing at 0x0017832c [████████████████████████████░░]  94.7% 772096/815274 bytes... 

Writing at 0x00178950 [████████████████████████████░░]  94.8% 773120/815274 bytes... 

Writing at 0x00178e33 [████████████████████████████░░]  95.0% 774144/815274 bytes... 

Writing at 0x001794ac [████████████████████████████░░]  95.1% 775168/815274 bytes... 

Writing at 0x00179b18 [████████████████████████████░░]  95.2% 776192/815274 bytes... 

Writing at 0x0017a138 [████████████████████████████░░]  95.3% 777216/815274 bytes... 

Writing at 0x0017a740 [████████████████████████████░░]  95.5% 778240/815274 bytes... 

Writing at 0x0017adb0 [████████████████████████████░░]  95.6% 779264/815274 bytes... 

Writing at 0x0017b3ee [████████████████████████████░░]  95.7% 780288/815274 bytes... 

Writing at 0x0017b974 [████████████████████████████░░]  95.8% 781312/815274 bytes... 

Writing at 0x0017c086 [████████████████████████████░░]  96.0% 782336/815274 bytes... 

Writing at 0x0017c70f [████████████████████████████░░]  96.1% 783360/815274 bytes... 

Writing at 0x0017cd6e [████████████████████████████░░]  96.2% 784384/815274 bytes... 

Writing at 0x0017d4bc [████████████████████████████░░]  96.3% 785408/815274 bytes... 

Writing at 0x0017dbfe [████████████████████████████░░]  96.5% 786432/815274 bytes... 

Writing at 0x0017e23c [████████████████████████████░░]  96.6% 787456/815274 bytes... 

Writing at 0x0017e886 [█████████████████████████████░]  96.7% 788480/815274 bytes... 

Writing at 0x0017edbe [█████████████████████████████░]  96.8% 789504/815274 bytes... 

Writing at 0x0017f39e [█████████████████████████████░]  97.0% 790528/815274 bytes... 

Writing at 0x0017f977 [█████████████████████████████░]  97.1% 791552/815274 bytes... 

Writing at 0x00180097 [█████████████████████████████░]  97.2% 792576/815274 bytes... 

Writing at 0x001806f6 [█████████████████████████████░]  97.3% 793600/815274 bytes... 

Writing at 0x00180d7e [█████████████████████████████░]  97.5% 794624/815274 bytes... 

Writing at 0x001814b4 [█████████████████████████████░]  97.6% 795648/815274 bytes... 

Writing at 0x00181bd3 [█████████████████████████████░]  97.7% 796672/815274 bytes... 

Writing at 0x00182258 [█████████████████████████████░]  97.8% 797696/815274 bytes... 

Writing at 0x001827c8 [█████████████████████████████░]  98.0% 798720/815274 bytes... 

Writing at 0x00182dfa [█████████████████████████████░]  98.1% 799744/815274 bytes... 

Writing at 0x001833d1 [█████████████████████████████░]  98.2% 800768/815274 bytes... 

Writing at 0x001839f1 [█████████████████████████████░]  98.3% 801792/815274 bytes... 

Writing at 0x001840a4 [█████████████████████████████░]  98.5% 802816/815274 bytes... 

Writing at 0x00184742 [█████████████████████████████░]  98.6% 803840/815274 bytes... 

Writing at 0x00184e8e [█████████████████████████████░]  98.7% 804864/815274 bytes... 

Writing at 0x001853d7 [█████████████████████████████░]  98.8% 805888/815274 bytes... 

Writing at 0x001858fe [█████████████████████████████░]  99.0% 806912/815274 bytes... 

Writing at 0x00185ec3 [█████████████████████████████░]  99.1% 807936/815274 bytes... 

Writing at 0x00186515 [█████████████████████████████░]  99.2% 808960/815274 bytes... 

Writing at 0x00186aa2 [█████████████████████████████░]  99.4% 809984/815274 bytes... 

Writing at 0x0018740b [█████████████████████████████░]  99.5% 811008/815274 bytes... 

Writing at 0x001882c9 [█████████████████████████████░]  99.6% 812032/815274 bytes... 

Writing at 0x0018963d [█████████████████████████████░]  99.7% 813056/815274 bytes... 

Writing at 0x00189ea5 [█████████████████████████████░]  99.9% 814080/815274 bytes... 

Writing at 0x0018a85c [█████████████████████████████░] 100.0% 815104/815274 bytes... 

Writing at 0x0018aa30 [██████████████████████████████] 100.0% 815274/815274 bytes... 
Wrote 1550896 bytes (815274 compressed) at 0x00010000 in 10.3 seconds (1206.7 kbit/s).
Hash of data verified.

Hard resetting via RTS pin...
========================= [SUCCESS] Took 32.32 seconds =========================

Environment    Status    Duration
-------------  --------  ------------
esp32p4-fs     SUCCESS   00:00:32.317
========================= 1 succeeded in 00:00:32.317 =========================
