Processing esp32s3 (platform: https://github.com/pioarduino/platform-espressif32/releases/download/55.03.37/platform-espressif32.zip; board: waveshare_s3_lcd7; framework: arduino)
--------------------------------------------------------------------------------
Verbose mode can be enabled via `-v, --verbose` option
CONFIGURATION: https://docs.platformio.org/page/boards/espressif32/waveshare_s3_lcd7.html
PLATFORM: Espressif 32 (55.3.37) > Waveshare ESP32-S3-Touch-LCD-7B (N16R8, 16MB Flash, 8MB PSRAM)
HARDWARE: ESP32S3 240MHz, 320KB RAM, 16MB Flash
DEBUG: Current (esp-builtin) On-board (esp-builtin) External (cmsis-dap, esp-bridge, esp-prog, iot-bus-jtag, jlink, minimodule, olimex-arm-usb-ocd, olimex-arm-usb-ocd-h, olimex-arm-usb-tiny-h, olimex-jtag-tiny, tumpa)
PACKAGES: 
 - contrib-piohome @ 3.4.4 
 - framework-arduinoespressif32 @ 3.3.7 
 - framework-arduinoespressif32-libs @ 5.5.0+sha.87912cd291 
 - tool-esp-rom-elfs @ 2024.10.11 
 - tool-esptoolpy @ 5.1.2 
 - toolchain-xtensa-esp-elf @ 14.2.0+20251107
*** Applied include path shortening for 336 framework paths ***
*** Path length reduced from 39876 to ~14097 characters ***
*** Estimated savings: 25200 characters ***
LDF: Library Dependency Finder -> https://bit.ly/configure-pio-ldf
LDF Modes: Finder ~ chain, Compatibility ~ soft
Found 47 compatible libraries
Scanning dependencies...
Dependency Graph
|-- lvgl @ 8.4.0
|-- ArduinoJson @ 7.4.3
|-- M5ROTATE8 @ 0.4.2
|-- DFRobot_VisualRotaryEncoder @ 1.0.1
|-- SD_MMC @ 3.3.7
|-- WiFi @ 3.3.7
|-- Wire @ 3.3.7
|-- FS @ 3.3.7
Building in release mode
Retrieving maximum program size .pio\build\esp32s3\firmware.elf
Checking size .pio\build\esp32s3\firmware.elf
Advanced Memory Usage is available via "PlatformIO Home > Project Inspect"
RAM:   [==        ]  23.4% (used 76616 bytes from 327680 bytes)
Flash: [==        ]  24.0% (used 1570871 bytes from 6553600 bytes)
Configuring upload protocol...
AVAILABLE: cmsis-dap, esp-bridge, esp-builtin, esp-prog, espota, esptool, iot-bus-jtag, jlink, minimodule, olimex-arm-usb-ocd, olimex-arm-usb-ocd-h, olimex-arm-usb-tiny-h, olimex-jtag-tiny, tumpa
CURRENT: upload_protocol = esptool
Looking for upload port...
Uploading .pio\build\esp32s3\firmware.bin
esptool v5.1.2
Serial port COM19:
Connecting...
Connected to ESP32-S3 on COM19:
Chip type:          ESP32-S3 (QFN56) (revision v0.2)
Features:           Wi-Fi, BT 5 (LE), Dual Core + LP Core, 240MHz, Embedded PSRAM 8MB (AP_3v3)
Crystal frequency:  40MHz
USB mode:           USB-Serial/JTAG
MAC:                1c:db:d4:44:fc:6c

Uploading stub flasher...
Running stub flasher...
Stub flasher running.
Changing baud rate to 460800...
Changed.

Configuring flash size...
Auto-detected flash size: 16MB
Flash will be erased from 0x00000000 to 0x00004fff...
Flash will be erased from 0x00008000 to 0x00008fff...
Flash will be erased from 0x0000e000 to 0x0000ffff...
Flash will be erased from 0x00010000 to 0x0018ffff...
SHA digest in image updated.
Compressed 19984 bytes to 13030...

Writing at 0x00000000 [░░░░░░░░░░░░░░░░░░░░░░░░░░░░░░]   0.0% 0/13030 bytes... 

Writing at 0x00004e10 [██████████████████████████████] 100.0% 13030/13030 bytes... 
Wrote 19984 bytes (13030 compressed) at 0x00000000 in 0.2 seconds (746.6 kbit/s).
Hash of data verified.
Compressed 3072 bytes to 146...

Writing at 0x00008000 [░░░░░░░░░░░░░░░░░░░░░░░░░░░░░░]   0.0% 0/146 bytes... 

Writing at 0x00008c00 [██████████████████████████████] 100.0% 146/146 bytes... 
Wrote 3072 bytes (146 compressed) at 0x00008000 in 0.0 seconds (832.9 kbit/s).
Hash of data verified.
Compressed 8192 bytes to 47...

Writing at 0x0000e000 [░░░░░░░░░░░░░░░░░░░░░░░░░░░░░░]   0.0% 0/47 bytes... 

Writing at 0x00010000 [██████████████████████████████] 100.0% 47/47 bytes... 
Wrote 8192 bytes (47 compressed) at 0x0000e000 in 0.1 seconds (1130.3 kbit/s).
Hash of data verified.
Compressed 1571280 bytes to 933024...

Writing at 0x00010000 [░░░░░░░░░░░░░░░░░░░░░░░░░░░░░░]   0.0% 0/933024 bytes... 

Writing at 0x0001b2a3 [░░░░░░░░░░░░░░░░░░░░░░░░░░░░░░]   1.8% 16384/933024 bytes... 

Writing at 0x000273df [█░░░░░░░░░░░░░░░░░░░░░░░░░░░░░]   3.5% 32768/933024 bytes... 

Writing at 0x0002e73f [█░░░░░░░░░░░░░░░░░░░░░░░░░░░░░]   5.3% 49152/933024 bytes... 

Writing at 0x00037142 [██░░░░░░░░░░░░░░░░░░░░░░░░░░░░]   7.0% 65536/933024 bytes... 

Writing at 0x00040838 [██░░░░░░░░░░░░░░░░░░░░░░░░░░░░]   8.8% 81920/933024 bytes... 

Writing at 0x0004a194 [███░░░░░░░░░░░░░░░░░░░░░░░░░░░]  10.5% 98304/933024 bytes... 

Writing at 0x00055d13 [███░░░░░░░░░░░░░░░░░░░░░░░░░░░]  12.3% 114688/933024 bytes... 

Writing at 0x00069947 [████░░░░░░░░░░░░░░░░░░░░░░░░░░]  14.0% 131072/933024 bytes... 

Writing at 0x000771da [████░░░░░░░░░░░░░░░░░░░░░░░░░░]  15.8% 147456/933024 bytes... 

Writing at 0x0007f2bd [█████░░░░░░░░░░░░░░░░░░░░░░░░░]  17.6% 163840/933024 bytes... 

Writing at 0x0008e6f8 [█████░░░░░░░░░░░░░░░░░░░░░░░░░]  19.3% 180224/933024 bytes... 

Writing at 0x0009522a [██████░░░░░░░░░░░░░░░░░░░░░░░░]  21.1% 196608/933024 bytes... 

Writing at 0x0009ab48 [██████░░░░░░░░░░░░░░░░░░░░░░░░]  22.8% 212992/933024 bytes... 

Writing at 0x000a004b [███████░░░░░░░░░░░░░░░░░░░░░░░]  24.6% 229376/933024 bytes... 

Writing at 0x000a5ae3 [███████░░░░░░░░░░░░░░░░░░░░░░░]  26.3% 245760/933024 bytes... 

Writing at 0x000aaed1 [████████░░░░░░░░░░░░░░░░░░░░░░]  28.1% 262144/933024 bytes... 

Writing at 0x000b01bf [████████░░░░░░░░░░░░░░░░░░░░░░]  29.9% 278528/933024 bytes... 

Writing at 0x000b5b26 [█████████░░░░░░░░░░░░░░░░░░░░░]  31.6% 294912/933024 bytes... 

Writing at 0x000badfe [██████████░░░░░░░░░░░░░░░░░░░░]  33.4% 311296/933024 bytes... 

Writing at 0x000c014a [██████████░░░░░░░░░░░░░░░░░░░░]  35.1% 327680/933024 bytes... 

Writing at 0x000c587e [███████████░░░░░░░░░░░░░░░░░░░]  36.9% 344064/933024 bytes... 

Writing at 0x000cb4e3 [███████████░░░░░░░░░░░░░░░░░░░]  38.6% 360448/933024 bytes... 

Writing at 0x000d1170 [████████████░░░░░░░░░░░░░░░░░░]  40.4% 376832/933024 bytes... 

Writing at 0x000d6bf3 [████████████░░░░░░░░░░░░░░░░░░]  42.1% 393216/933024 bytes... 

Writing at 0x000dc3d6 [█████████████░░░░░░░░░░░░░░░░░]  43.9% 409600/933024 bytes... 

Writing at 0x000e152a [█████████████░░░░░░░░░░░░░░░░░]  45.7% 425984/933024 bytes... 

Writing at 0x000e6911 [██████████████░░░░░░░░░░░░░░░░]  47.4% 442368/933024 bytes... 

Writing at 0x000ebdc0 [██████████████░░░░░░░░░░░░░░░░]  49.2% 458752/933024 bytes... 

Writing at 0x000f14a5 [███████████████░░░░░░░░░░░░░░░]  50.9% 475136/933024 bytes... 

Writing at 0x000f6baf [███████████████░░░░░░░░░░░░░░░]  52.7% 491520/933024 bytes... 

Writing at 0x000fbcdd [████████████████░░░░░░░░░░░░░░]  54.4% 507904/933024 bytes... 

Writing at 0x00100eb7 [████████████████░░░░░░░░░░░░░░]  56.2% 524288/933024 bytes... 

Writing at 0x00106a7c [█████████████████░░░░░░░░░░░░░]  57.9% 540672/933024 bytes... 

Writing at 0x0010ba7b [█████████████████░░░░░░░░░░░░░]  59.7% 557056/933024 bytes... 

Writing at 0x001115aa [██████████████████░░░░░░░░░░░░]  61.5% 573440/933024 bytes... 

Writing at 0x00116c45 [██████████████████░░░░░░░░░░░░]  63.2% 589824/933024 bytes... 

Writing at 0x0011c28e [███████████████████░░░░░░░░░░░]  65.0% 606208/933024 bytes... 

Writing at 0x001218bf [████████████████████░░░░░░░░░░]  66.7% 622592/933024 bytes... 

Writing at 0x00126c34 [████████████████████░░░░░░░░░░]  68.5% 638976/933024 bytes... 

Writing at 0x0012bc54 [█████████████████████░░░░░░░░░]  70.2% 655360/933024 bytes... 

Writing at 0x00131470 [█████████████████████░░░░░░░░░]  72.0% 671744/933024 bytes... 

Writing at 0x00136a47 [██████████████████████░░░░░░░░]  73.8% 688128/933024 bytes... 

Writing at 0x0013c063 [██████████████████████░░░░░░░░]  75.5% 704512/933024 bytes... 

Writing at 0x0014146d [███████████████████████░░░░░░░]  77.3% 720896/933024 bytes... 

Writing at 0x001469db [███████████████████████░░░░░░░]  79.0% 737280/933024 bytes... 

Writing at 0x0014c7be [████████████████████████░░░░░░]  80.8% 753664/933024 bytes... 

Writing at 0x001521f0 [████████████████████████░░░░░░]  82.5% 770048/933024 bytes... 

Writing at 0x001577d0 [█████████████████████████░░░░░]  84.3% 786432/933024 bytes... 

Writing at 0x0015e04c [█████████████████████████░░░░░]  86.0% 802816/933024 bytes... 

Writing at 0x00166600 [██████████████████████████░░░░]  87.8% 819200/933024 bytes... 

Writing at 0x0016b7c8 [██████████████████████████░░░░]  89.6% 835584/933024 bytes... 

Writing at 0x0017107e [███████████████████████████░░░]  91.3% 851968/933024 bytes... 

Writing at 0x00178b2c [███████████████████████████░░░]  93.1% 868352/933024 bytes... 

Writing at 0x0017e1d3 [████████████████████████████░░]  94.8% 884736/933024 bytes... 

Writing at 0x00183ff0 [████████████████████████████░░]  96.6% 901120/933024 bytes... 

Writing at 0x00189bf6 [█████████████████████████████░]  98.3% 917504/933024 bytes... 

Writing at 0x0018f9d0 [██████████████████████████████] 100.0% 933024/933024 bytes... 
Wrote 1571280 bytes (933024 compressed) at 0x00010000 in 11.5 seconds (1088.9 kbit/s).
Hash of data verified.

Hard resetting via RTS pin...
========================= [SUCCESS] Took 32.13 seconds =========================

Environment    Status    Duration
-------------  --------  ------------
esp32s3        SUCCESS   00:00:32.132
========================= 1 succeeded in 00:00:32.132 =========================
